Archive member included to satisfy reference by file (symbol)

/opt/wch/MRS_Toolchain_Linux_X64_V240/Toolchain/RISC-V Embedded GCC/bin/../lib/gcc/riscv-none-embed/8.2.0/../../../../riscv-none-embed/lib/rv32imacxw/ilp32/libg_nano.a(lib_a-abort.o)
                              src/ethernetif.o (abort)
/opt/wch/MRS_Toolchain_Linux_X64_V240/Toolchain/RISC-V Embedded GCC/bin/../lib/gcc/riscv-none-embed/8.2.0/../../../../riscv-none-embed/lib/rv32imacxw/ilp32/libg_nano.a(lib_a-atoi.o)
                              ./src/lib/lwip/src/core/netif.o (atoi)
/opt/wch/MRS_Toolchain_Linux_X64_V240/Toolchain/RISC-V Embedded GCC/bin/../lib/gcc/riscv-none-embed/8.2.0/../../../../riscv-none-embed/lib/rv32imacxw/ilp32/libg_nano.a(lib_a-fflush.o)
                              src/ethernetif.o (fflush)
/opt/wch/MRS_Toolchain_Linux_X64_V240/Toolchain/RISC-V Embedded GCC/bin/../lib/gcc/riscv-none-embed/8.2.0/../../../../riscv-none-embed/lib/rv32imacxw/ilp32/libg_nano.a(lib_a-findfp.o)
                              /opt/wch/MRS_Toolchain_Linux_X64_V240/Toolchain/RISC-V Embedded GCC/bin/../lib/gcc/riscv-none-embed/8.2.0/../../../../riscv-none-embed/lib/rv32imacxw/ilp32/libg_nano.a(lib_a-fflush.o) (__sinit)
/opt/wch/MRS_Toolchain_Linux_X64_V240/Toolchain/RISC-V Embedded GCC/bin/../lib/gcc/riscv-none-embed/8.2.0/../../../../riscv-none-embed/lib/rv32imacxw/ilp32/libg_nano.a(lib_a-fwalk.o)
                              /opt/wch/MRS_Toolchain_Linux_X64_V240/Toolchain/RISC-V Embedded GCC/bin/../lib/gcc/riscv-none-embed/8.2.0/../../../../riscv-none-embed/lib/rv32imacxw/ilp32/libg_nano.a(lib_a-findfp.o) (_fwalk)
/opt/wch/MRS_Toolchain_Linux_X64_V240/Toolchain/RISC-V Embedded GCC/bin/../lib/gcc/riscv-none-embed/8.2.0/../../../../riscv-none-embed/lib/rv32imacxw/ilp32/libg_nano.a(lib_a-impure.o)
                              /opt/wch/MRS_Toolchain_Linux_X64_V240/Toolchain/RISC-V Embedded GCC/bin/../lib/gcc/riscv-none-embed/8.2.0/../../../../riscv-none-embed/lib/rv32imacxw/ilp32/libg_nano.a(lib_a-fflush.o) (_global_impure_ptr)
/opt/wch/MRS_Toolchain_Linux_X64_V240/Toolchain/RISC-V Embedded GCC/bin/../lib/gcc/riscv-none-embed/8.2.0/../../../../riscv-none-embed/lib/rv32imacxw/ilp32/libg_nano.a(lib_a-locale.o)
                              ./src/lib/lwip/src/core/ipv4/ip4_addr.o (__locale_ctype_ptr)
/opt/wch/MRS_Toolchain_Linux_X64_V240/Toolchain/RISC-V Embedded GCC/bin/../lib/gcc/riscv-none-embed/8.2.0/../../../../riscv-none-embed/lib/rv32imacxw/ilp32/libg_nano.a(lib_a-mbtowc_r.o)
                              /opt/wch/MRS_Toolchain_Linux_X64_V240/Toolchain/RISC-V Embedded GCC/bin/../lib/gcc/riscv-none-embed/8.2.0/../../../../riscv-none-embed/lib/rv32imacxw/ilp32/libg_nano.a(lib_a-locale.o) (__ascii_mbtowc)
/opt/wch/MRS_Toolchain_Linux_X64_V240/Toolchain/RISC-V Embedded GCC/bin/../lib/gcc/riscv-none-embed/8.2.0/../../../../riscv-none-embed/lib/rv32imacxw/ilp32/libg_nano.a(lib_a-memcmp.o)
                              ./src/lib/lwip/src/core/ipv4/acd.o (memcmp)
/opt/wch/MRS_Toolchain_Linux_X64_V240/Toolchain/RISC-V Embedded GCC/bin/../lib/gcc/riscv-none-embed/8.2.0/../../../../riscv-none-embed/lib/rv32imacxw/ilp32/libg_nano.a(lib_a-memcpy.o)
                              src/ethernetif.o (memcpy)
/opt/wch/MRS_Toolchain_Linux_X64_V240/Toolchain/RISC-V Embedded GCC/bin/../lib/gcc/riscv-none-embed/8.2.0/../../../../riscv-none-embed/lib/rv32imacxw/ilp32/libg_nano.a(lib_a-memmove.o)
                              ./src/lib/lwip/src/core/def.o (memmove)
/opt/wch/MRS_Toolchain_Linux_X64_V240/Toolchain/RISC-V Embedded GCC/bin/../lib/gcc/riscv-none-embed/8.2.0/../../../../riscv-none-embed/lib/rv32imacxw/ilp32/libg_nano.a(lib_a-memset.o)
                              ./src/lib/FreeRTOS/stream_buffer.o (memset)
/opt/wch/MRS_Toolchain_Linux_X64_V240/Toolchain/RISC-V Embedded GCC/bin/../lib/gcc/riscv-none-embed/8.2.0/../../../../riscv-none-embed/lib/rv32imacxw/ilp32/libg_nano.a(lib_a-nano-freer.o)
                              /opt/wch/MRS_Toolchain_Linux_X64_V240/Toolchain/RISC-V Embedded GCC/bin/../lib/gcc/riscv-none-embed/8.2.0/../../../../riscv-none-embed/lib/rv32imacxw/ilp32/libg_nano.a(lib_a-fflush.o) (_free_r)
/opt/wch/MRS_Toolchain_Linux_X64_V240/Toolchain/RISC-V Embedded GCC/bin/../lib/gcc/riscv-none-embed/8.2.0/../../../../riscv-none-embed/lib/rv32imacxw/ilp32/libg_nano.a(lib_a-nano-mallocr.o)
                              /opt/wch/MRS_Toolchain_Linux_X64_V240/Toolchain/RISC-V Embedded GCC/bin/../lib/gcc/riscv-none-embed/8.2.0/../../../../riscv-none-embed/lib/rv32imacxw/ilp32/libg_nano.a(lib_a-findfp.o) (_malloc_r)
/opt/wch/MRS_Toolchain_Linux_X64_V240/Toolchain/RISC-V Embedded GCC/bin/../lib/gcc/riscv-none-embed/8.2.0/../../../../riscv-none-embed/lib/rv32imacxw/ilp32/libg_nano.a(lib_a-nano-vfprintf_float.o)
                              (_printf_float)
/opt/wch/MRS_Toolchain_Linux_X64_V240/Toolchain/RISC-V Embedded GCC/bin/../lib/gcc/riscv-none-embed/8.2.0/../../../../riscv-none-embed/lib/rv32imacxw/ilp32/libg_nano.a(lib_a-nano-vfprintf_i.o)
[...]
Memory Configuration

Name             Origin             Length             Attributes
FLASH            0x0000000000000000 0x0000000000038000 xr
RAM              0x0000000020000000 0x0000000000018000 xrw
*default*        0x0000000000000000 0xffffffffffffffff

Linker script and memory map

LOAD ./src/quirks/FreeRTOS/portable/GCC/RISC-V/portASM.o
LOAD ./vendor/Startup/startup_ch32v30x_D8C.o
LOAD src/ch32v30x_it.o
LOAD src/eth_driver.o
LOAD src/ethernetif.o
LOAD src/main.o
LOAD src/system_ch32v30x.o
LOAD ./src/lib/FreeRTOS/croutine.o
LOAD ./src/lib/FreeRTOS/event_groups.o
LOAD ./src/lib/FreeRTOS/list.o
LOAD ./src/lib/FreeRTOS/queue.o
LOAD ./src/lib/FreeRTOS/stream_buffer.o
LOAD ./src/lib/FreeRTOS/tasks.o
LOAD ./src/lib/FreeRTOS/timers.o
LOAD ./src/quirks/FreeRTOS/portable/GCC/RISC-V/port.o
LOAD ./src/quirks/FreeRTOS/portable/MemMang/heap_4.o
LOAD ./src/lib/lwip/src/core/def.o
LOAD ./src/lib/lwip/src/core/inet_chksum.o
LOAD ./src/lib/lwip/src/core/init.o
LOAD ./src/lib/lwip/src/core/ip.o
LOAD ./src/lib/lwip/src/core/mem.o
LOAD ./src/lib/lwip/src/core/memp.o
LOAD ./src/lib/lwip/src/core/netif.o
LOAD ./src/lib/lwip/src/core/pbuf.o
LOAD ./src/lib/lwip/src/core/raw.o
LOAD ./src/lib/lwip/src/core/stats.o
LOAD ./src/lib/lwip/src/core/sys.o
LOAD ./src/lib/lwip/src/core/tcp_in.o
LOAD ./src/lib/lwip/src/core/tcp_out.o
LOAD ./src/lib/lwip/src/core/tcp.o
LOAD ./src/lib/lwip/src/core/timeouts.o
LOAD ./src/lib/lwip/src/core/udp.o
LOAD ./src/lib/lwip/src/core/ipv4/acd.o
LOAD ./src/lib/lwip/src/core/ipv4/dhcp.o
LOAD ./src/lib/lwip/src/core/ipv4/etharp.o
LOAD ./src/lib/lwip/src/core/ipv4/icmp.o
LOAD ./src/lib/lwip/src/core/ipv4/ip4_addr.o
LOAD ./src/lib/lwip/src/core/ipv4/ip4_frag.o
LOAD ./src/lib/lwip/src/core/ipv4/ip4.o
LOAD ./src/lib/lwip/src/netif/ethernet.o
LOAD ./src/lib/lwip/src/api/api_lib.o
LOAD ./src/lib/lwip/src/api/api_msg.o
LOAD ./src/lib/lwip/src/api/err.o
LOAD ./src/lib/lwip/src/api/if_api.o
LOAD ./src/lib/lwip/src/api/netbuf.o
LOAD ./src/lib/lwip/src/api/netdb.o
LOAD ./src/lib/lwip/src/api/netifapi.o
LOAD ./src/lib/lwip/src/api/sockets.o
LOAD ./src/lib/lwip/src/api/tcpip.o
LOAD ./src/lib/lwip/src/core/altcp.o
LOAD ./src/lib/lwip/src/core/altcp_tcp.o
LOAD ./src/lib/lwip/src/apps/http/httpd.o
LOAD ./src/lib/lwip/src/apps/http/fs.o
LOAD ./src/lib/lwip/src/../contrib/ports/freertos/sys_arch.o
LOAD ./vendor/Core/core_riscv.o
LOAD ./vendor/Debug/debug.o
LOAD ./vendor/Peripheral/src/ch32v30x_adc.o
LOAD ./vendor/Peripheral/src/ch32v30x_bkp.o
LOAD ./vendor/Peripheral/src/ch32v30x_can.o
LOAD ./vendor/Peripheral/src/ch32v30x_crc.o
LOAD ./vendor/Peripheral/src/ch32v30x_dac.o
LOAD ./vendor/Peripheral/src/ch32v30x_dbgmcu.o
LOAD ./vendor/Peripheral/src/ch32v30x_dma.o
LOAD ./vendor/Peripheral/src/ch32v30x_dvp.o
LOAD ./vendor/Peripheral/src/ch32v30x_eth.o
LOAD ./vendor/Peripheral/src/ch32v30x_exti.o
LOAD ./vendor/Peripheral/src/ch32v30x_flash.o
LOAD ./vendor/Peripheral/src/ch32v30x_fsmc.o
LOAD ./vendor/Peripheral/src/ch32v30x_gpio.o
LOAD ./vendor/Peripheral/src/ch32v30x_i2c.o
LOAD ./vendor/Peripheral/src/ch32v30x_iwdg.o
LOAD ./vendor/Peripheral/src/ch32v30x_misc.o
LOAD ./vendor/Peripheral/src/ch32v30x_opa.o
LOAD ./vendor/Peripheral/src/ch32v30x_pwr.o
LOAD ./vendor/Peripheral/src/ch32v30x_rcc.o
LOAD ./vendor/Peripheral/src/ch32v30x_rng.o
LOAD ./vendor/Peripheral/src/ch32v30x_rtc.o
LOAD ./vendor/Peripheral/src/ch32v30x_sdio.o
LOAD ./vendor/Peripheral/src/ch32v30x_spi.o
LOAD ./vendor/Peripheral/src/ch32v30x_tim.o
LOAD ./vendor/Peripheral/src/ch32v30x_usart.o
LOAD ./vendor/Peripheral/src/ch32v30x_wwdg.o
LOAD /opt/wch/MRS_Toolchain_Linux_X64_V240/Toolchain/RISC-V Embedded GCC/bin/../lib/gcc/riscv-none-embed/8.2.0/rv32imacxw/ilp32/libgcc.a
LOAD /opt/wch/MRS_Toolchain_Linux_X64_V240/Toolchain/RISC-V Embedded GCC/bin/../lib/gcc/riscv-none-embed/8.2.0/../../../../riscv-none-embed/lib/rv32imacxw/ilp32/libg_nano.a
LOAD /opt/wch/MRS_Toolchain_Linux_X64_V240/Toolchain/RISC-V Embedded GCC/bin/../lib/gcc/riscv-none-embed/8.2.0/../../../../riscv-none-embed/lib/rv32imacxw/ilp32/libc_nano.a
LOAD /opt/wch/MRS_Toolchain_Linux_X64_V240/Toolchain/RISC-V Embedded GCC/bin/../lib/gcc/riscv-none-embed/8.2.0/rv32imacxw/ilp32/libgcc.a
START GROUP
LOAD /opt/wch/MRS_Toolchain_Linux_X64_V240/Toolchain/RISC-V Embedded GCC/bin/../lib/gcc/riscv-none-embed/8.2.0/rv32imacxw/ilp32/libgcc.a
LOAD /opt/wch/MRS_Toolchain_Linux_X64_V240/Toolchain/RISC-V Embedded GCC/bin/../lib/gcc/riscv-none-embed/8.2.0/../../../../riscv-none-embed/lib/rv32imacxw/ilp32/libc_nano.a
LOAD /opt/wch/MRS_Toolchain_Linux_X64_V240/Toolchain/RISC-V Embedded GCC/bin/../lib/gcc/riscv-none-embed/8.2.0/../../../../riscv-none-embed/lib/rv32imacxw/ilp32/libnosys.a
END GROUP
START GROUP
LOAD /opt/wch/MRS_Toolchain_Linux_X64_V240/Toolchain/RISC-V Embedded GCC/bin/../lib/gcc/riscv-none-embed/8.2.0/rv32imacxw/ilp32/libgcc.a
LOAD /opt/wch/MRS_Toolchain_Linux_X64_V240/Toolchain/RISC-V Embedded GCC/bin/../lib/gcc/riscv-none-embed/8.2.0/../../../../riscv-none-embed/lib/rv32imacxw/ilp32/libc_nano.a
LOAD /opt/wch/MRS_Toolchain_Linux_X64_V240/Toolchain/RISC-V Embedded GCC/bin/../lib/gcc/riscv-none-embed/8.2.0/../../../../riscv-none-embed/lib/rv32imacxw/ilp32/libnosys.a
END GROUP
                0x0000000000000800                __stack_size = 0x800
                [!provide]                        PROVIDE (_stack_size = __stack_size)

.init           0x0000000000000000       0x38
                0x0000000000000000                _sinit = .
                0x0000000000000000                . = ALIGN (0x4)
 *(SORT_NONE(.init))
 .init          0x0000000000000000       0x38 ./vendor/Startup/startup_ch32v30x_D8C.o
                0x0000000000000000                _start
                0x0000000000000038                . = ALIGN (0x4)
                0x0000000000000038                _einit = .

.vector         0x0000000000000038      0x1c8
 *(.vector)
 .vector        0x0000000000000038      0x1a0 ./vendor/Startup/startup_ch32v30x_D8C.o
                0x0000000000000200                . = ALIGN (0x40)
 *fill*         0x00000000000001d8       0x28 

.text           0x0000000000000200    0x26670
                0x0000000000000200                . = ALIGN (0x4)
 *(.text)
 .text          0x0000000000000200      0x2e6 ./src/quirks/FreeRTOS/portable/GCC/RISC-V/portASM.o
                0x0000000000000200                SW_Handler
                0x0000000000000300                xPortStartFirstTask
                0x0000000000000400                pxPortInitialiseStack
 .text          0x00000000000004e6       0xa8 /opt/wch/MRS_Toolchain_Linux_X64_V240/Toolchain/RISC-V Embedded GCC/bin/../lib/gcc/riscv-none-embed/8.2.0/../../../../riscv-none-embed/lib/rv32imacxw/ilp32/libg_nano.a(lib_a-memset.o)
                0x00000000000004e6                memset
 .text          0x000000000000058e      0x11a /opt/wch/MRS_Toolchain_Linux_X64_V240/Toolchain/RISC-V Embedded GCC/bin/../lib/gcc/riscv-none-embed/8.2.0/../../../../riscv-none-embed/lib/rv32imacxw/ilp32/libg_nano.a(lib_a-strcmp.o)
                0x000000000000058e                strcmp
 *(.text.*)
 .text.vector_handler
                0x00000000000006a8       0xbe ./vendor/Startup/startup_ch32v30x_D8C.o
                0x00000000000006ac                Ecall_M_Mode_Handler
                0x00000000000006ae                Ecall_U_Mode_Handler
                0x00000000000006b0                Break_Point_Handler
                0x00000000000006b6                WWDG_IRQHandler
                0x00000000000006b8                PVD_IRQHandler
                0x00000000000006ba                TAMPER_IRQHandler
                0x00000000000006bc                RTC_IRQHandler
                0x00000000000006be                FLASH_IRQHandler
                0x00000000000006c0                RCC_IRQHandler
                0x00000000000006c2                EXTI0_IRQHandler
                0x00000000000006c4                EXTI1_IRQHandler
                0x00000000000006c6                EXTI2_IRQHandler
                0x00000000000006c8                EXTI3_IRQHandler
                0x00000000000006ca                EXTI4_IRQHandler
                0x00000000000006cc                DMA1_Channel1_IRQHandler
                0x00000000000006ce                DMA1_Channel2_IRQHandler
                0x00000000000006d0                DMA1_Channel3_IRQHandler
                0x00000000000006d2                DMA1_Channel4_IRQHandler
                0x00000000000006d4                DMA1_Channel5_IRQHandler
                0x00000000000006d6                DMA1_Channel6_IRQHandler
                0x00000000000006d8                DMA1_Channel7_IRQHandler
                0x00000000000006da                ADC1_2_IRQHandler
                0x00000000000006dc                USB_HP_CAN1_TX_IRQHandler
                0x00000000000006de                USB_LP_CAN1_RX0_IRQHandler
                0x00000000000006e0                CAN1_RX1_IRQHandler
                0x00000000000006e2                CAN1_SCE_IRQHandler
                0x00000000000006e4                EXTI9_5_IRQHandler
                0x00000000000006e6                TIM1_BRK_IRQHandler
                0x00000000000006e8                TIM1_UP_IRQHandler
                0x00000000000006ea                TIM1_TRG_COM_IRQHandler
                0x00000000000006ec                TIM1_CC_IRQHandler
                0x00000000000006ee                TIM2_IRQHandler
                0x00000000000006f0                TIM3_IRQHandler
                0x00000000000006f2                TIM4_IRQHandler
                0x00000000000006f4                I2C1_EV_IRQHandler
                0x00000000000006f6                I2C1_ER_IRQHandler
                0x00000000000006f8                I2C2_EV_IRQHandler
                0x00000000000006fa                I2C2_ER_IRQHandler
                0x00000000000006fc                SPI1_IRQHandler
                0x00000000000006fe                SPI2_IRQHandler
                0x0000000000000700                USART1_IRQHandler
                0x0000000000000702                USART2_IRQHandler
                0x0000000000000704                USART3_IRQHandler
                0x0000000000000706                EXTI15_10_IRQHandler
                0x0000000000000708                RTCAlarm_IRQHandler
                0x000000000000070a                USBWakeUp_IRQHandler
                0x000000000000070c                TIM8_BRK_IRQHandler
                0x000000000000070e                TIM8_UP_IRQHandler
                0x0000000000000710                TIM8_TRG_COM_IRQHandler
                0x0000000000000712                TIM8_CC_IRQHandler
                0x0000000000000714                RNG_IRQHandler
                0x0000000000000716                FSMC_IRQHandler
                0x0000000000000718                SDIO_IRQHandler
                0x000000000000071a                TIM5_IRQHandler
                0x000000000000071c                SPI3_IRQHandler
                0x000000000000071e                UART4_IRQHandler
                0x0000000000000720                UART5_IRQHandler
                0x0000000000000722                TIM6_IRQHandler
                0x0000000000000724                TIM7_IRQHandler
                0x0000000000000726                DMA2_Channel1_IRQHandler
                0x0000000000000728                DMA2_Channel2_IRQHandler
                0x000000000000072a                DMA2_Channel3_IRQHandler
                0x000000000000072c                DMA2_Channel4_IRQHandler
                0x000000000000072e                DMA2_Channel5_IRQHandler
                0x0000000000000732                ETH_WKUP_IRQHandler
                0x0000000000000734                CAN2_TX_IRQHandler
                0x0000000000000736                CAN2_RX0_IRQHandler
                0x0000000000000738                CAN2_RX1_IRQHandler
                0x000000000000073a                CAN2_SCE_IRQHandler
                0x000000000000073c                OTG_FS_IRQHandler
                0x000000000000073e                USBHSWakeup_IRQHandler
                0x0000000000000740                USBHS_IRQHandler
                0x0000000000000742                DVP_IRQHandler
                0x0000000000000744                UART6_IRQHandler
                0x0000000000000746                UART7_IRQHandler
                0x0000000000000748                UART8_IRQHandler
                0x000000000000074a                TIM9_BRK_IRQHandler
                0x000000000000074c                TIM9_UP_IRQHandler
                0x000000000000074e                TIM9_TRG_COM_IRQHandler
                0x0000000000000750                TIM9_CC_IRQHandler
                0x0000000000000752                TIM10_BRK_IRQHandler
                0x0000000000000754                TIM10_UP_IRQHandler
                0x0000000000000756                TIM10_TRG_COM_IRQHandler
                0x0000000000000758                TIM10_CC_IRQHandler
                0x000000000000075a                DMA2_Channel6_IRQHandler
                0x000000000000075c                DMA2_Channel7_IRQHandler
                0x000000000000075e                DMA2_Channel8_IRQHandler
                0x0000000000000760                DMA2_Channel9_IRQHandler
                0x0000000000000762                DMA2_Channel10_IRQHandler
                0x0000000000000764                DMA2_Channel11_IRQHandler
 .text.handle_reset
                0x0000000000000766       0x92 ./vendor/Startup/startup_ch32v30x_D8C.o
                0x0000000000000766                handle_reset
 .text.NMI_Handler
                0x00000000000007f8       0x10 src/ch32v30x_it.o
                0x00000000000007f8                NMI_Handler
 .text.HardFault_Handler
                0x0000000000000808       0x80 src/ch32v30x_it.o
                0x0000000000000808                HardFault_Handler
 .text.vApplicationStackOverflowHook
                0x0000000000000888       0x36 src/ch32v30x_it.o
                0x0000000000000888                vApplicationStackOverflowHook
 .text.Ethernet_LED_LINKSET
                0x00000000000008be       0x34 src/eth_driver.o
                0x00000000000008be                Ethernet_LED_LINKSET
 .text.Ethernet_LED_DATASET
                0x00000000000008f2       0x34 src/eth_driver.o
                0x00000000000008f2                Ethernet_LED_DATASET
 .text.Ethernet_LED_Configuration
                0x0000000000000926       0x4e src/eth_driver.o
                0x0000000000000926                Ethernet_LED_Configuration
 .text.init_phy
                0x0000000000000974      0x7e2 src/eth_driver.o
                0x0000000000000974                init_phy
 .text.ETH_IRQHandler
                0x0000000000001156       0x4c src/eth_driver.o
                0x0000000000001156                ETH_IRQHandler
 .text.ETH_RxPkt_ChainMode
                0x00000000000011a2      0x184 src/eth_driver.o
                0x00000000000011a2                ETH_RxPkt_ChainMode
 .text.ETH_TxPkt_ChainMode
                0x0000000000001326       0xb4 src/eth_driver.o
                0x0000000000001326                ETH_TxPkt_ChainMode
 .text.WCH_GetMacAddr
                0x00000000000013da       0x58 src/eth_driver.o
                0x00000000000013da                WCH_GetMacAddr
 .text.low_level_init
                0x0000000000001432       0x88 src/ethernetif.o
 .text.low_level_output
                0x00000000000014ba       0x8c src/ethernetif.o
 .text.low_level_input
                0x0000000000001546       0xe6 src/ethernetif.o
 .text.ethernetif_input
                0x000000000000162c       0x46 src/ethernetif.o
                0x000000000000162c                ethernetif_input
 .text.ethernetif_init
                0x0000000000001672       0xbc src/ethernetif.o
                0x0000000000001672                ethernetif_init
 .text.GPIO_Config
                0x000000000000172e       0x62 src/main.o
                0x000000000000172e                GPIO_Config
 .text.LwIP_Init
                0x0000000000001790       0xa4 src/main.o
                0x0000000000001790                LwIP_Init
 .text.led_link_task
                0x0000000000001834       0xa4 src/main.o
                0x0000000000001834                led_link_task
 .text.t1_task  0x00000000000018d8      0x160 src/main.o
                0x00000000000018d8                t1_task
 .text.vAssertCalled
                0x0000000000001a38       0x28 src/main.o
                0x0000000000001a38                vAssertCalled
 .text.vApplicationMallocFailedHook
                0x0000000000001a60       0x16 src/main.o
                0x0000000000001a60                vApplicationMallocFailedHook
 .text.main     0x0000000000001a76       0xb2 src/main.o
                0x0000000000001a76                main
 .text.SystemInit
                0x0000000000001b28       0x7c src/system_ch32v30x.o
                0x0000000000001b28                SystemInit
 .text.SetSysClock
                0x0000000000001ba4       0x14 src/system_ch32v30x.o
 .text.SetSysClockTo144
                0x0000000000001bb8      0x136 src/system_ch32v30x.o
 .text.vListInitialise
                0x0000000000001cee       0x4c ./src/lib/FreeRTOS/list.o
                0x0000000000001cee                vListInitialise
 .text.vListInitialiseItem
                0x0000000000001d3a       0x1a ./src/lib/FreeRTOS/list.o
                0x0000000000001d3a                vListInitialiseItem
 .text.vListInsert
                0x0000000000001d54       0xa2 ./src/lib/FreeRTOS/list.o
                0x0000000000001d54                vListInsert
 .text.uxListRemove
                0x0000000000001df6       0x70 ./src/lib/FreeRTOS/list.o
                0x0000000000001df6                uxListRemove
 .text.xQueueGenericReset
                0x0000000000001e66      0x152 ./src/lib/FreeRTOS/queue.o
                0x0000000000001e66                xQueueGenericReset
 .text.xQueueGenericCreate
                0x0000000000001fb8       0xc4 ./src/lib/FreeRTOS/queue.o
                0x0000000000001fb8                xQueueGenericCreate
 .text.prvInitialiseNewQueue
                0x000000000000207c       0x60 ./src/lib/FreeRTOS/queue.o
 .text.prvInitialiseMutex
                0x00000000000020dc       0x40 ./src/lib/FreeRTOS/queue.o
 .text.xQueueCreateMutex
                0x000000000000211c       0x40 ./src/lib/FreeRTOS/queue.o
                0x000000000000211c                xQueueCreateMutex
 .text.xQueueGiveMutexRecursive
                0x000000000000215c       0x7c ./src/lib/FreeRTOS/queue.o
                0x000000000000215c                xQueueGiveMutexRecursive
 .text.xQueueTakeMutexRecursive
                0x00000000000021d8       0x8c ./src/lib/FreeRTOS/queue.o
                0x00000000000021d8                xQueueTakeMutexRecursive
 .text.xQueueGenericSend
                0x0000000000002264      0x252 ./src/lib/FreeRTOS/queue.o
                0x0000000000002264                xQueueGenericSend
 .text.xQueueReceive
                0x00000000000024b6      0x1f8 ./src/lib/FreeRTOS/queue.o
                0x00000000000024b6                xQueueReceive
 .text.xQueueSemaphoreTake
                0x00000000000026ae      0x23c ./src/lib/FreeRTOS/queue.o
                0x00000000000026ae                xQueueSemaphoreTake
 .text.prvGetDisinheritPriorityAfterTimeout
                0x00000000000028ea       0x36 ./src/lib/FreeRTOS/queue.o
 .text.prvCopyDataToQueue
                0x0000000000002920      0x12a ./src/lib/FreeRTOS/queue.o
 .text.prvCopyDataFromQueue
                0x0000000000002a4a       0x6a ./src/lib/FreeRTOS/queue.o
 .text.prvUnlockQueue
                0x0000000000002ab4       0xc4 ./src/lib/FreeRTOS/queue.o
 .text.prvIsQueueEmpty
                0x0000000000002b78       0x36 ./src/lib/FreeRTOS/queue.o
 .text.prvIsQueueFull
                0x0000000000002bae       0x3e ./src/lib/FreeRTOS/queue.o
 .text.vQueueAddToRegistry
                0x0000000000002bec       0xd2 ./src/lib/FreeRTOS/queue.o
                0x0000000000002bec                vQueueAddToRegistry
 .text.vQueueWaitForMessageRestricted
                0x0000000000002cbe       0x8a ./src/lib/FreeRTOS/queue.o
                0x0000000000002cbe                vQueueWaitForMessageRestricted
 .text.prvCreateTask
                0x0000000000002d48       0xa6 ./src/lib/FreeRTOS/tasks.o
 .text.xTaskCreate
                0x0000000000002dee       0x68 ./src/lib/FreeRTOS/tasks.o
                0x0000000000002dee                xTaskCreate
 .text.prvInitialiseNewTask
                0x0000000000002e56      0x17e ./src/lib/FreeRTOS/tasks.o
 .text.prvAddNewTaskToReadyList
                0x0000000000002fd4      0x18e ./src/lib/FreeRTOS/tasks.o
 .text.vTaskDelay
                0x0000000000003162       0x7e ./src/lib/FreeRTOS/tasks.o
                0x0000000000003162                vTaskDelay
 .text.prvCreateIdleTasks
                0x00000000000031e0       0xc6 ./src/lib/FreeRTOS/tasks.o
 .text.vTaskStartScheduler
                0x00000000000032a6       0x7c ./src/lib/FreeRTOS/tasks.o
                0x00000000000032a6                vTaskStartScheduler
 .text.vTaskSuspendAll
                0x0000000000003322       0x22 ./src/lib/FreeRTOS/tasks.o
                0x0000000000003322                vTaskSuspendAll
 .text.xTaskResumeAll
                0x0000000000003344      0x2aa ./src/lib/FreeRTOS/tasks.o
                0x0000000000003344                xTaskResumeAll
 .text.xTaskGetTickCount
                0x00000000000035ee       0x1e ./src/lib/FreeRTOS/tasks.o
                0x00000000000035ee                xTaskGetTickCount
 .text.pcTaskGetName
                0x000000000000360c       0x4e ./src/lib/FreeRTOS/tasks.o
                0x000000000000360c                pcTaskGetName
 .text.prvSearchForNameWithinSingleList
                0x000000000000365a      0x126 ./src/lib/FreeRTOS/tasks.o
 .text.xTaskGetHandle
                0x0000000000003780       0xde ./src/lib/FreeRTOS/tasks.o
                0x0000000000003780                xTaskGetHandle
 .text.xTaskIncrementTick
                0x000000000000385e      0x2d4 ./src/lib/FreeRTOS/tasks.o
                0x000000000000385e                xTaskIncrementTick
 .text.vTaskSwitchContext
                0x0000000000003b32      0x154 ./src/lib/FreeRTOS/tasks.o
                0x0000000000003b32                vTaskSwitchContext
 .text.vTaskPlaceOnEventList
                0x0000000000003c86       0x50 ./src/lib/FreeRTOS/tasks.o
                0x0000000000003c86                vTaskPlaceOnEventList
 .text.vTaskPlaceOnEventListRestricted
                0x0000000000003cd6       0xb8 ./src/lib/FreeRTOS/tasks.o
                0x0000000000003cd6                vTaskPlaceOnEventListRestricted
 .text.xTaskRemoveFromEventList
                0x0000000000003d8e      0x22c ./src/lib/FreeRTOS/tasks.o
                0x0000000000003d8e                xTaskRemoveFromEventList
 .text.vTaskInternalSetTimeOutState
                0x0000000000003fba       0x2e ./src/lib/FreeRTOS/tasks.o
                0x0000000000003fba                vTaskInternalSetTimeOutState
 .text.xTaskCheckForTimeOut
                0x0000000000003fe8      0x112 ./src/lib/FreeRTOS/tasks.o
                0x0000000000003fe8                xTaskCheckForTimeOut
 .text.vTaskMissedYield
                0x00000000000040fa       0x18 ./src/lib/FreeRTOS/tasks.o
                0x00000000000040fa                vTaskMissedYield
 .text.prvIdleTask
                0x0000000000004112       0x10 ./src/lib/FreeRTOS/tasks.o
 .text.prvInitialiseTaskLists
                0x0000000000004122       0x84 ./src/lib/FreeRTOS/tasks.o
 .text.prvCheckTasksWaitingTermination
                0x00000000000041a6       0x6c ./src/lib/FreeRTOS/tasks.o
 .text.prvTaskCheckFreeStackSpace
                0x0000000000004212       0x4c ./src/lib/FreeRTOS/tasks.o
 .text.uxTaskGetStackHighWaterMark
                0x000000000000425e       0x48 ./src/lib/FreeRTOS/tasks.o
                0x000000000000425e                uxTaskGetStackHighWaterMark
 .text.prvDeleteTCB
                0x00000000000042a6       0x2a ./src/lib/FreeRTOS/tasks.o
 .text.prvResetNextTaskUnblockTime
                0x00000000000042d0       0x3a ./src/lib/FreeRTOS/tasks.o
 .text.xTaskGetCurrentTaskHandle
                0x000000000000430a       0x1e ./src/lib/FreeRTOS/tasks.o
                0x000000000000430a                xTaskGetCurrentTaskHandle
 .text.xTaskGetSchedulerState
                0x0000000000004328       0x3a ./src/lib/FreeRTOS/tasks.o
                0x0000000000004328                xTaskGetSchedulerState
 .text.xTaskPriorityInherit
                0x0000000000004362      0x17e ./src/lib/FreeRTOS/tasks.o
                0x0000000000004362                xTaskPriorityInherit
 .text.xTaskPriorityDisinherit
                0x00000000000044e0      0x170 ./src/lib/FreeRTOS/tasks.o
                0x00000000000044e0                xTaskPriorityDisinherit
 .text.vTaskPriorityDisinheritAfterTimeout
                0x0000000000004650      0x1ae ./src/lib/FreeRTOS/tasks.o
                0x0000000000004650                vTaskPriorityDisinheritAfterTimeout
 .text.pvTaskIncrementMutexHeldCount
                0x00000000000047fe       0x34 ./src/lib/FreeRTOS/tasks.o
                0x00000000000047fe                pvTaskIncrementMutexHeldCount
 .text.prvAddCurrentTaskToDelayedList
                0x0000000000004832      0x142 ./src/lib/FreeRTOS/tasks.o
 .text.xTimerCreateTimerTask
                0x0000000000004974       0x64 ./src/lib/FreeRTOS/timers.o
                0x0000000000004974                xTimerCreateTimerTask
 .text.prvReloadTimer
                0x00000000000049d8       0x5c ./src/lib/FreeRTOS/timers.o
 .text.prvProcessExpiredTimer
                0x0000000000004a34       0x74 ./src/lib/FreeRTOS/timers.o
 .text.prvTimerTask
                0x0000000000004aa8       0x28 ./src/lib/FreeRTOS/timers.o
 .text.prvProcessTimerOrBlockTask
                0x0000000000004ad0       0xc2 ./src/lib/FreeRTOS/timers.o
 .text.prvGetNextExpireTime
                0x0000000000004b92       0x4c ./src/lib/FreeRTOS/timers.o
 .text.prvSampleTimeNow
                0x0000000000004bde       0x52 ./src/lib/FreeRTOS/timers.o
 .text.prvInsertTimerInActiveList
                0x0000000000004c30       0xb4 ./src/lib/FreeRTOS/timers.o
 .text.prvProcessReceivedCommands
                0x0000000000004ce4      0x1f8 ./src/lib/FreeRTOS/timers.o
 .text.prvSwitchTimerLists
                0x0000000000004edc       0x62 ./src/lib/FreeRTOS/timers.o
 .text.prvCheckForValidListAndQueue
                0x0000000000004f3e       0x7c ./src/lib/FreeRTOS/timers.o
 .text.vPortSetupTimerInterrupt
                0x0000000000004fba       0x82 ./src/quirks/FreeRTOS/portable/GCC/RISC-V/port.o
                0x0000000000004fba                vPortSetupTimerInterrupt
 .text.xPortStartScheduler
                0x000000000000503c       0xae ./src/quirks/FreeRTOS/portable/GCC/RISC-V/port.o
                0x000000000000503c                xPortStartScheduler
 .text.SysTick_Handler
                0x00000000000050ea       0x52 ./src/quirks/FreeRTOS/portable/GCC/RISC-V/port.o
                0x00000000000050ea                SysTick_Handler
 .text.vPortEnterCritical
                0x000000000000513c       0x1c ./src/quirks/FreeRTOS/portable/GCC/RISC-V/port.o
                0x000000000000513c                vPortEnterCritical
 .text.vPortExitCritical
                0x0000000000005158       0x3c ./src/quirks/FreeRTOS/portable/GCC/RISC-V/port.o
                0x0000000000005158                vPortExitCritical
 .text.pvPortMalloc
                0x0000000000005194      0x1e2 ./src/quirks/FreeRTOS/portable/MemMang/heap_4.o
                0x0000000000005194                pvPortMalloc
 .text.vPortFree
                0x0000000000005376       0xd6 ./src/quirks/FreeRTOS/portable/MemMang/heap_4.o
                0x0000000000005376                vPortFree
 .text.xPortGetFreeHeapSize
                0x000000000000544c       0x16 ./src/quirks/FreeRTOS/portable/MemMang/heap_4.o
                0x000000000000544c                xPortGetFreeHeapSize
 .text.xPortGetMinimumEverFreeHeapSize
                0x0000000000005462       0x16 ./src/quirks/FreeRTOS/portable/MemMang/heap_4.o
                0x0000000000005462                xPortGetMinimumEverFreeHeapSize
 .text.prvHeapInit
                0x0000000000005478      0x100 ./src/quirks/FreeRTOS/portable/MemMang/heap_4.o
 .text.prvInsertBlockIntoFreeList
                0x0000000000005578       0xf8 ./src/quirks/FreeRTOS/portable/MemMang/heap_4.o
 .text.lwip_htons
                0x0000000000005670       0x38 ./src/lib/lwip/src/core/def.o
                0x0000000000005670                lwip_htons
 .text.lwip_htonl
                0x00000000000056a8       0x44 ./src/lib/lwip/src/core/def.o
                0x00000000000056a8                lwip_htonl
 .text.lwip_strnstr
                0x00000000000056ec       0x9c ./src/lib/lwip/src/core/def.o
                0x00000000000056ec                lwip_strnstr
 .text.lwip_standard_chksum
                0x0000000000005788      0x116 ./src/lib/lwip/src/core/inet_chksum.o
                0x0000000000005788                lwip_standard_chksum
 .text.inet_chksum_pbuf
                0x000000000000589e       0xe2 ./src/lib/lwip/src/core/inet_chksum.o
                0x000000000000589e                inet_chksum_pbuf
 .text.lwip_init
                0x0000000000005980       0x34 ./src/lib/lwip/src/core/init.o
                0x0000000000005980                lwip_init
 .text.ptr_to_mem
                0x00000000000059b4       0x22 ./src/lib/lwip/src/core/mem.o
 .text.mem_to_ptr
                0x00000000000059d6       0x26 ./src/lib/lwip/src/core/mem.o
 .text.plug_holes
                0x00000000000059fc      0x1f6 ./src/lib/lwip/src/core/mem.o
 .text.mem_init
                0x0000000000005bf2       0xec ./src/lib/lwip/src/core/mem.o
                0x0000000000005bf2                mem_init
 .text.mem_link_valid
                0x0000000000005cde       0xa4 ./src/lib/lwip/src/core/mem.o
 .text.mem_free
                0x0000000000005d82      0x19a ./src/lib/lwip/src/core/mem.o
                0x0000000000005d82                mem_free
 .text.mem_trim
                0x0000000000005f1c      0x3c2 ./src/lib/lwip/src/core/mem.o
                0x0000000000005f1c                mem_trim
 .text.mem_malloc
                0x00000000000062de      0x408 ./src/lib/lwip/src/core/mem.o
                0x00000000000062de                mem_malloc
 .text.memp_init_pool
                0x00000000000066e6       0x92 ./src/lib/lwip/src/core/memp.o
                0x00000000000066e6                memp_init_pool
 .text.memp_init
                0x0000000000006778       0x6e ./src/lib/lwip/src/core/memp.o
                0x0000000000006778                memp_init
 .text.do_memp_malloc_pool
                0x00000000000067e6       0xcc ./src/lib/lwip/src/core/memp.o
 .text.memp_malloc
                0x00000000000068b2       0x50 ./src/lib/lwip/src/core/memp.o
                0x00000000000068b2                memp_malloc
 .text.do_memp_free_pool
                0x0000000000006902       0x8e ./src/lib/lwip/src/core/memp.o
 .text.memp_free
                0x0000000000006990       0x56 ./src/lib/lwip/src/core/memp.o
                0x0000000000006990                memp_free
 .text.netif_init
                0x00000000000069e6        0xe ./src/lib/lwip/src/core/netif.o
                0x00000000000069e6                netif_init
 .text.netif_add
                0x00000000000069f4      0x240 ./src/lib/lwip/src/core/netif.o
                0x00000000000069f4                netif_add
 .text.netif_do_ip_addr_changed
                0x0000000000006c34       0x32 ./src/lib/lwip/src/core/netif.o
 .text.netif_do_set_ipaddr
                0x0000000000006c66       0xec ./src/lib/lwip/src/core/netif.o
 .text.netif_do_set_netmask
                0x0000000000006d52       0x48 ./src/lib/lwip/src/core/netif.o
 .text.netif_do_set_gw
                0x0000000000006d9a       0x48 ./src/lib/lwip/src/core/netif.o
 .text.netif_set_addr
                0x0000000000006de2       0xbc ./src/lib/lwip/src/core/netif.o
                0x0000000000006de2                netif_set_addr
 .text.netif_set_default
                0x0000000000006e9e       0x1e ./src/lib/lwip/src/core/netif.o
                0x0000000000006e9e                netif_set_default
 .text.netif_set_up
                0x0000000000006ebc       0x54 ./src/lib/lwip/src/core/netif.o
                0x0000000000006ebc                netif_set_up
 .text.netif_issue_reports
                0x0000000000006f10       0x66 ./src/lib/lwip/src/core/netif.o
 .text.netif_set_link_up
                0x0000000000006f76       0x5e ./src/lib/lwip/src/core/netif.o
                0x0000000000006f76                netif_set_link_up
 .text.netif_set_link_down
                0x0000000000006fd4       0x52 ./src/lib/lwip/src/core/netif.o
                0x0000000000006fd4                netif_set_link_down
 .text.netif_null_output_ip4
                0x0000000000007026       0x1c ./src/lib/lwip/src/core/netif.o
 .text.netif_get_by_index
                0x0000000000007042       0x56 ./src/lib/lwip/src/core/netif.o
                0x0000000000007042                netif_get_by_index
 .text.pbuf_init_alloced_pbuf
                0x0000000000007098       0x7c ./src/lib/lwip/src/core/pbuf.o
 .text.pbuf_alloc
                0x0000000000007114      0x2b6 ./src/lib/lwip/src/core/pbuf.o
                0x0000000000007114                pbuf_alloc
 .text.pbuf_alloc_reference
                0x00000000000073ca       0x92 ./src/lib/lwip/src/core/pbuf.o
                0x00000000000073ca                pbuf_alloc_reference
 .text.pbuf_alloced_custom
                0x000000000000745c       0x90 ./src/lib/lwip/src/core/pbuf.o
                0x000000000000745c                pbuf_alloced_custom
 .text.pbuf_realloc
                0x00000000000074ec      0x1d8 ./src/lib/lwip/src/core/pbuf.o
                0x00000000000074ec                pbuf_realloc
 .text.pbuf_add_header_impl
                0x00000000000076c4      0x128 ./src/lib/lwip/src/core/pbuf.o
 .text.pbuf_add_header
                0x00000000000077ec       0x2a ./src/lib/lwip/src/core/pbuf.o
                0x00000000000077ec                pbuf_add_header
 .text.pbuf_remove_header
                0x0000000000007816       0xe0 ./src/lib/lwip/src/core/pbuf.o
                0x0000000000007816                pbuf_remove_header
 .text.pbuf_header_impl
                0x00000000000078f6       0x58 ./src/lib/lwip/src/core/pbuf.o
 .text.pbuf_header_force
                0x000000000000794e       0x2e ./src/lib/lwip/src/core/pbuf.o
                0x000000000000794e                pbuf_header_force
 .text.pbuf_free
                0x000000000000797c      0x1ae ./src/lib/lwip/src/core/pbuf.o
                0x000000000000797c                pbuf_free
 .text.pbuf_clen
                0x0000000000007b2a       0x36 ./src/lib/lwip/src/core/pbuf.o
                0x0000000000007b2a                pbuf_clen
 .text.pbuf_ref
                0x0000000000007b60       0x70 ./src/lib/lwip/src/core/pbuf.o
                0x0000000000007b60                pbuf_ref
 .text.pbuf_cat
                0x0000000000007bd0       0xf8 ./src/lib/lwip/src/core/pbuf.o
                0x0000000000007bd0                pbuf_cat
 .text.pbuf_chain
                0x0000000000007cc8       0x2e ./src/lib/lwip/src/core/pbuf.o
                0x0000000000007cc8                pbuf_chain
 .text.pbuf_copy
                0x0000000000007cf6       0x46 ./src/lib/lwip/src/core/pbuf.o
                0x0000000000007cf6                pbuf_copy
 .text.pbuf_copy_partial_pbuf
                0x0000000000007d3c      0x286 ./src/lib/lwip/src/core/pbuf.o
                0x0000000000007d3c                pbuf_copy_partial_pbuf
 .text.pbuf_copy_partial
                0x0000000000007fc2      0x124 ./src/lib/lwip/src/core/pbuf.o
                0x0000000000007fc2                pbuf_copy_partial
 .text.pbuf_clone
                0x00000000000080e6       0x86 ./src/lib/lwip/src/core/pbuf.o
                0x00000000000080e6                pbuf_clone
 .text.stats_init
                0x000000000000816c       0x22 ./src/lib/lwip/src/core/stats.o
                0x000000000000816c                stats_init
 .text.tcp_input
                0x000000000000818e      0xd5a ./src/lib/lwip/src/core/tcp_in.o
                0x000000000000818e                tcp_input
 .text.tcp_input_delayed_close
                0x0000000000008ee8       0x94 ./src/lib/lwip/src/core/tcp_in.o
 .text.tcp_listen_input
                0x0000000000008f7c      0x2b6 ./src/lib/lwip/src/core/tcp_in.o
 .text.tcp_timewait_input
                0x0000000000009232      0x118 ./src/lib/lwip/src/core/tcp_in.o
 .text.tcp_process
                0x000000000000934a      0x9e6 ./src/lib/lwip/src/core/tcp_in.o
 .text.tcp_free_acked_segments
                0x0000000000009d30      0x176 ./src/lib/lwip/src/core/tcp_in.o
 .text.tcp_receive
                0x0000000000009ea6      0xcec ./src/lib/lwip/src/core/tcp_in.o
 .text.tcp_get_next_optbyte
                0x000000000000ab92       0x72 ./src/lib/lwip/src/core/tcp_in.o
 .text.tcp_parseopt
                0x000000000000ac04      0x11e ./src/lib/lwip/src/core/tcp_in.o
 .text.tcp_trigger_input_pcb_close
                0x000000000000ad22       0x1e ./src/lib/lwip/src/core/tcp_in.o
                0x000000000000ad22                tcp_trigger_input_pcb_close
 .text.tcp_route
                0x000000000000ad40       0x46 ./src/lib/lwip/src/core/tcp_out.o
 .text.tcp_create_segment
                0x000000000000ad86      0x2bc ./src/lib/lwip/src/core/tcp_out.o
 .text.tcp_pbuf_prealloc
                0x000000000000b042      0x176 ./src/lib/lwip/src/core/tcp_out.o
 .text.tcp_write_checks
                0x000000000000b1b8      0x17c ./src/lib/lwip/src/core/tcp_out.o
 .text.tcp_write
                0x000000000000b334      0xaaa ./src/lib/lwip/src/core/tcp_out.o
                0x000000000000b334                tcp_write
 .text.tcp_split_unsent_seg
                0x000000000000bdde      0x41e ./src/lib/lwip/src/core/tcp_out.o
                0x000000000000bdde                tcp_split_unsent_seg
 .text.tcp_send_fin
                0x000000000000c1fc      0x104 ./src/lib/lwip/src/core/tcp_out.o
                0x000000000000c1fc                tcp_send_fin
 .text.tcp_enqueue_flags
                0x000000000000c300      0x2f0 ./src/lib/lwip/src/core/tcp_out.o
                0x000000000000c300                tcp_enqueue_flags
 .text.tcp_output
                0x000000000000c5f0      0x5c8 ./src/lib/lwip/src/core/tcp_out.o
                0x000000000000c5f0                tcp_output
 .text.tcp_output_segment_busy
                0x000000000000cbb8       0x5a ./src/lib/lwip/src/core/tcp_out.o
 .text.tcp_output_segment
                0x000000000000cc12      0x316 ./src/lib/lwip/src/core/tcp_out.o
 .text.tcp_rexmit_rto_prepare
                0x000000000000cf28      0x150 ./src/lib/lwip/src/core/tcp_out.o
                0x000000000000cf28                tcp_rexmit_rto_prepare
 .text.tcp_rexmit_rto_commit
                0x000000000000d078       0x74 ./src/lib/lwip/src/core/tcp_out.o
                0x000000000000d078                tcp_rexmit_rto_commit
 .text.tcp_rexmit_rto
                0x000000000000d0ec       0x5a ./src/lib/lwip/src/core/tcp_out.o
                0x000000000000d0ec                tcp_rexmit_rto
 .text.tcp_rexmit
                0x000000000000d146      0x140 ./src/lib/lwip/src/core/tcp_out.o
                0x000000000000d146                tcp_rexmit
 .text.tcp_rexmit_fast
                0x000000000000d286      0x11a ./src/lib/lwip/src/core/tcp_out.o
                0x000000000000d286                tcp_rexmit_fast
 .text.tcp_output_alloc_header_common
                0x000000000000d3a0      0x288 ./src/lib/lwip/src/core/tcp_out.o
 .text.tcp_output_alloc_header
                0x000000000000d628       0xa8 ./src/lib/lwip/src/core/tcp_out.o
 .text.tcp_output_fill_options
                0x000000000000d6d0       0xbe ./src/lib/lwip/src/core/tcp_out.o
 .text.tcp_output_control_segment
                0x000000000000d78e       0x90 ./src/lib/lwip/src/core/tcp_out.o
 .text.tcp_output_control_segment_netif
                0x000000000000d81e       0xcc ./src/lib/lwip/src/core/tcp_out.o
 .text.tcp_rst_common
                0x000000000000d8ea       0xf8 ./src/lib/lwip/src/core/tcp_out.o
 .text.tcp_rst  0x000000000000d9e2       0x72 ./src/lib/lwip/src/core/tcp_out.o
                0x000000000000d9e2                tcp_rst
 .text.tcp_rst_netif
                0x000000000000da54       0x78 ./src/lib/lwip/src/core/tcp_out.o
                0x000000000000da54                tcp_rst_netif
 .text.tcp_send_empty_ack
                0x000000000000dacc      0x11c ./src/lib/lwip/src/core/tcp_out.o
                0x000000000000dacc                tcp_send_empty_ack
 .text.tcp_keepalive
                0x000000000000dbe8       0xba ./src/lib/lwip/src/core/tcp_out.o
                0x000000000000dbe8                tcp_keepalive
 .text.tcp_zero_window_probe
                0x000000000000dca2      0x234 ./src/lib/lwip/src/core/tcp_out.o
                0x000000000000dca2                tcp_zero_window_probe
 .text.tcp_init
                0x000000000000ded6        0xe ./src/lib/lwip/src/core/tcp.o
                0x000000000000ded6                tcp_init
 .text.tcp_free
                0x000000000000dee4       0x56 ./src/lib/lwip/src/core/tcp.o
                0x000000000000dee4                tcp_free
 .text.tcp_free_listen
                0x000000000000df3a       0x56 ./src/lib/lwip/src/core/tcp.o
 .text.tcp_tmr  0x000000000000df90       0x30 ./src/lib/lwip/src/core/tcp.o
                0x000000000000df90                tcp_tmr
 .text.tcp_remove_listener
                0x000000000000dfc0       0x7a ./src/lib/lwip/src/core/tcp.o
 .text.tcp_listen_closed
                0x000000000000e03a       0xb6 ./src/lib/lwip/src/core/tcp.o
 .text.tcp_close_shutdown
                0x000000000000e0f0      0x262 ./src/lib/lwip/src/core/tcp.o
 .text.tcp_close_shutdown_fin
                0x000000000000e352       0xfe ./src/lib/lwip/src/core/tcp.o
 .text.tcp_close
                0x000000000000e450       0x5a ./src/lib/lwip/src/core/tcp.o
                0x000000000000e450                tcp_close
 .text.tcp_shutdown
                0x000000000000e4aa       0xca ./src/lib/lwip/src/core/tcp.o
                0x000000000000e4aa                tcp_shutdown
 .text.tcp_abandon
                0x000000000000e574      0x1d8 ./src/lib/lwip/src/core/tcp.o
                0x000000000000e574                tcp_abandon
 .text.tcp_abort
                0x000000000000e74c       0x20 ./src/lib/lwip/src/core/tcp.o
                0x000000000000e74c                tcp_abort
 .text.tcp_bind
                0x000000000000e76c      0x14c ./src/lib/lwip/src/core/tcp.o
                0x000000000000e76c                tcp_bind
 .text.tcp_accept_null
                0x000000000000e8b8       0x5a ./src/lib/lwip/src/core/tcp.o
 .text.tcp_listen_with_backlog_and_err
                0x000000000000e912      0x1b0 ./src/lib/lwip/src/core/tcp.o
                0x000000000000e912                tcp_listen_with_backlog_and_err
 .text.tcp_update_rcv_ann_wnd
                0x000000000000eac2      0x11c ./src/lib/lwip/src/core/tcp.o
                0x000000000000eac2                tcp_update_rcv_ann_wnd
 .text.tcp_recved
                0x000000000000ebde       0xde ./src/lib/lwip/src/core/tcp.o
                0x000000000000ebde                tcp_recved
 .text.tcp_new_port
                0x000000000000ecbc       0xa2 ./src/lib/lwip/src/core/tcp.o
 .text.tcp_connect
                0x000000000000ed5e      0x29e ./src/lib/lwip/src/core/tcp.o
                0x000000000000ed5e                tcp_connect
 .text.tcp_slowtmr
                0x000000000000effc      0x8aa ./src/lib/lwip/src/core/tcp.o
                0x000000000000effc                tcp_slowtmr
 .text.tcp_fasttmr
                0x000000000000f8a6       0xf2 ./src/lib/lwip/src/core/tcp.o
                0x000000000000f8a6                tcp_fasttmr
 .text.tcp_process_refused_data
                0x000000000000f998      0x11c ./src/lib/lwip/src/core/tcp.o
                0x000000000000f998                tcp_process_refused_data
 .text.tcp_segs_free
                0x000000000000fab4       0x36 ./src/lib/lwip/src/core/tcp.o
                0x000000000000fab4                tcp_segs_free
 .text.tcp_seg_free
                0x000000000000faea       0x3a ./src/lib/lwip/src/core/tcp.o
                0x000000000000faea                tcp_seg_free
 .text.tcp_setprio
                0x000000000000fb24       0x38 ./src/lib/lwip/src/core/tcp.o
                0x000000000000fb24                tcp_setprio
 .text.tcp_recv_null
                0x000000000000fb5c       0x6e ./src/lib/lwip/src/core/tcp.o
                0x000000000000fb5c                tcp_recv_null
 .text.tcp_kill_prio
                0x000000000000fbca       0xd2 ./src/lib/lwip/src/core/tcp.o
 .text.tcp_kill_state
                0x000000000000fc9c       0xd0 ./src/lib/lwip/src/core/tcp.o
 .text.tcp_kill_timewait
                0x000000000000fd6c       0x7e ./src/lib/lwip/src/core/tcp.o
 .text.tcp_handle_closepend
                0x000000000000fdea       0x5e ./src/lib/lwip/src/core/tcp.o
 .text.tcp_alloc
                0x000000000000fe48      0x1b8 ./src/lib/lwip/src/core/tcp.o
                0x000000000000fe48                tcp_alloc
 .text.tcp_new_ip_type
                0x0000000000010000       0x28 ./src/lib/lwip/src/core/tcp.o
                0x0000000000010000                tcp_new_ip_type
 .text.tcp_arg  0x0000000000010028       0x26 ./src/lib/lwip/src/core/tcp.o
                0x0000000000010028                tcp_arg
 .text.tcp_recv
                0x000000000001004e       0x62 ./src/lib/lwip/src/core/tcp.o
                0x000000000001004e                tcp_recv
 .text.tcp_sent
                0x00000000000100b0       0x62 ./src/lib/lwip/src/core/tcp.o
                0x00000000000100b0                tcp_sent
 .text.tcp_err  0x0000000000010112       0x64 ./src/lib/lwip/src/core/tcp.o
                0x0000000000010112                tcp_err
 .text.tcp_accept
                0x0000000000010176       0x3a ./src/lib/lwip/src/core/tcp.o
                0x0000000000010176                tcp_accept
 .text.tcp_poll
                0x00000000000101b0       0x82 ./src/lib/lwip/src/core/tcp.o
                0x00000000000101b0                tcp_poll
 .text.tcp_pcb_purge
                0x0000000000010232       0xa0 ./src/lib/lwip/src/core/tcp.o
                0x0000000000010232                tcp_pcb_purge
 .text.tcp_pcb_remove
                0x00000000000102d2      0x1a8 ./src/lib/lwip/src/core/tcp.o
                0x00000000000102d2                tcp_pcb_remove
 .text.tcp_next_iss
                0x000000000001047a       0x5e ./src/lib/lwip/src/core/tcp.o
                0x000000000001047a                tcp_next_iss
 .text.tcp_eff_send_mss_netif
                0x00000000000104d8       0xbc ./src/lib/lwip/src/core/tcp.o
                0x00000000000104d8                tcp_eff_send_mss_netif
 .text.tcp_netif_ip_addr_changed_pcblist
                0x0000000000010594       0x90 ./src/lib/lwip/src/core/tcp.o
 .text.tcp_netif_ip_addr_changed
                0x0000000000010624       0x94 ./src/lib/lwip/src/core/tcp.o
                0x0000000000010624                tcp_netif_ip_addr_changed
 .text.tcp_tcp_get_tcp_addrinfo
                0x00000000000106b8       0x7a ./src/lib/lwip/src/core/tcp.o
                0x00000000000106b8                tcp_tcp_get_tcp_addrinfo
 .text.tcpip_tcp_timer
                0x0000000000010732       0x44 ./src/lib/lwip/src/core/timeouts.o
 .text.tcp_timer_needed
                0x0000000000010776       0x42 ./src/lib/lwip/src/core/timeouts.o
                0x0000000000010776                tcp_timer_needed
 .text.sys_timeout_abs
                0x00000000000107b8      0x11c ./src/lib/lwip/src/core/timeouts.o
 .text.lwip_cyclic_timer
                0x00000000000108d4       0x88 ./src/lib/lwip/src/core/timeouts.o
 .text.sys_timeouts_init
                0x000000000001095c       0x60 ./src/lib/lwip/src/core/timeouts.o
                0x000000000001095c                sys_timeouts_init
 .text.sys_timeout
                0x00000000000109bc       0x74 ./src/lib/lwip/src/core/timeouts.o
                0x00000000000109bc                sys_timeout
 .text.sys_check_timeouts
                0x0000000000010a30       0x88 ./src/lib/lwip/src/core/timeouts.o
                0x0000000000010a30                sys_check_timeouts
 .text.sys_timeouts_sleeptime
                0x0000000000010ab8       0x88 ./src/lib/lwip/src/core/timeouts.o
                0x0000000000010ab8                sys_timeouts_sleeptime
 .text.udp_init
                0x0000000000010b40        0xe ./src/lib/lwip/src/core/udp.o
                0x0000000000010b40                udp_init
 .text.udp_new_port
                0x0000000000010b4e       0x7a ./src/lib/lwip/src/core/udp.o
 .text.udp_input_local_match
                0x0000000000010bc8      0x118 ./src/lib/lwip/src/core/udp.o
 .text.udp_input
                0x0000000000010ce0      0x3d8 ./src/lib/lwip/src/core/udp.o
                0x0000000000010ce0                udp_input
 .text.udp_sendto_if
                0x00000000000110b8       0xe6 ./src/lib/lwip/src/core/udp.o
                0x00000000000110b8                udp_sendto_if
 .text.udp_sendto_if_src
                0x000000000001119e      0x28c ./src/lib/lwip/src/core/udp.o
                0x000000000001119e                udp_sendto_if_src
 .text.udp_bind
                0x000000000001142a      0x13e ./src/lib/lwip/src/core/udp.o
                0x000000000001142a                udp_bind
 .text.udp_connect
                0x0000000000011568       0xfa ./src/lib/lwip/src/core/udp.o
                0x0000000000011568                udp_connect
 .text.udp_recv
                0x0000000000011662       0x44 ./src/lib/lwip/src/core/udp.o
                0x0000000000011662                udp_recv
 .text.udp_remove
                0x00000000000116a6       0x98 ./src/lib/lwip/src/core/udp.o
                0x00000000000116a6                udp_remove
 .text.udp_new  0x000000000001173e       0x3c ./src/lib/lwip/src/core/udp.o
                0x000000000001173e                udp_new
 .text.udp_netif_ip_addr_changed
                0x000000000001177a       0x6c ./src/lib/lwip/src/core/udp.o
                0x000000000001177a                udp_netif_ip_addr_changed
 .text.acd_add  0x00000000000117e6       0x9c ./src/lib/lwip/src/core/ipv4/acd.o
                0x00000000000117e6                acd_add
 .text.acd_remove
                0x0000000000011882       0x98 ./src/lib/lwip/src/core/ipv4/acd.o
                0x0000000000011882                acd_remove
 .text.acd_start
                0x000000000001191a       0x8c ./src/lib/lwip/src/core/ipv4/acd.o
                0x000000000001191a                acd_start
 .text.acd_stop
                0x00000000000119a6       0x22 ./src/lib/lwip/src/core/ipv4/acd.o
                0x00000000000119a6                acd_stop
 .text.acd_network_changed_link_down
                0x00000000000119c8       0x3a ./src/lib/lwip/src/core/ipv4/acd.o
                0x00000000000119c8                acd_network_changed_link_down
 .text.acd_tmr  0x0000000000011a02      0x1fa ./src/lib/lwip/src/core/ipv4/acd.o
                0x0000000000011a02                acd_tmr
 .text.acd_restart
                0x0000000000011bfc       0x70 ./src/lib/lwip/src/core/ipv4/acd.o
 .text.acd_arp_reply
                0x0000000000011c6c      0x12c ./src/lib/lwip/src/core/ipv4/acd.o
                0x0000000000011c6c                acd_arp_reply
 .text.acd_handle_arp_conflict
                0x0000000000011d98       0x6e ./src/lib/lwip/src/core/ipv4/acd.o
 .text.acd_put_in_passive_mode
                0x0000000000011e06       0x5c ./src/lib/lwip/src/core/ipv4/acd.o
 .text.acd_netif_ip_addr_changed
                0x0000000000011e62       0xa0 ./src/lib/lwip/src/core/ipv4/acd.o
                0x0000000000011e62                acd_netif_ip_addr_changed
 .text.dhcp_inc_pcb_refcount
                0x0000000000011f02       0xb8 ./src/lib/lwip/src/core/ipv4/dhcp.o
 .text.dhcp_dec_pcb_refcount
                0x0000000000011fba       0x64 ./src/lib/lwip/src/core/ipv4/dhcp.o
 .text.dhcp_handle_nak
                0x000000000001201e       0x46 ./src/lib/lwip/src/core/ipv4/dhcp.o
 .text.dhcp_conflict_callback
                0x0000000000012064       0xd2 ./src/lib/lwip/src/core/ipv4/dhcp.o
 .text.dhcp_check
                0x0000000000012136       0x42 ./src/lib/lwip/src/core/ipv4/dhcp.o
 .text.dhcp_handle_offer
                0x0000000000012178       0x72 ./src/lib/lwip/src/core/ipv4/dhcp.o
 .text.dhcp_select
                0x00000000000121ea      0x29e ./src/lib/lwip/src/core/ipv4/dhcp.o
 .text.dhcp_coarse_tmr
                0x0000000000012488       0xda ./src/lib/lwip/src/core/ipv4/dhcp.o
                0x0000000000012488                dhcp_coarse_tmr
 .text.dhcp_fine_tmr
                0x0000000000012562       0x88 ./src/lib/lwip/src/core/ipv4/dhcp.o
                0x0000000000012562                dhcp_fine_tmr
 .text.dhcp_timeout
                0x00000000000125ea       0x9a ./src/lib/lwip/src/core/ipv4/dhcp.o
 .text.dhcp_t1_timeout
                0x0000000000012684       0x88 ./src/lib/lwip/src/core/ipv4/dhcp.o
 .text.dhcp_t2_timeout
                0x000000000001270c       0x94 ./src/lib/lwip/src/core/ipv4/dhcp.o
 .text.dhcp_handle_ack
                0x00000000000127a0      0x12e ./src/lib/lwip/src/core/ipv4/dhcp.o
 .text.dhcp_start
                0x00000000000128ce      0x110 ./src/lib/lwip/src/core/ipv4/dhcp.o
                0x00000000000128ce                dhcp_start
 .text.dhcp_network_changed_link_up
                0x00000000000129de       0xa0 ./src/lib/lwip/src/core/ipv4/dhcp.o
                0x00000000000129de                dhcp_network_changed_link_up
 .text.dhcp_decline
                0x0000000000012a7e       0xf2 ./src/lib/lwip/src/core/ipv4/dhcp.o
 .text.dhcp_discover
                0x0000000000012b70      0x1b6 ./src/lib/lwip/src/core/ipv4/dhcp.o
 .text.dhcp_bind
                0x0000000000012d26      0x1f8 ./src/lib/lwip/src/core/ipv4/dhcp.o
 .text.dhcp_renew
                0x0000000000012f1e      0x1cc ./src/lib/lwip/src/core/ipv4/dhcp.o
                0x0000000000012f1e                dhcp_renew
 .text.dhcp_rebind
                0x00000000000130ea      0x1c0 ./src/lib/lwip/src/core/ipv4/dhcp.o
 .text.dhcp_reboot
                0x00000000000132aa      0x208 ./src/lib/lwip/src/core/ipv4/dhcp.o
 .text.dhcp_release_and_stop
                0x00000000000134b2      0x1b6 ./src/lib/lwip/src/core/ipv4/dhcp.o
                0x00000000000134b2                dhcp_release_and_stop
 .text.dhcp_set_state
                0x0000000000013668       0x40 ./src/lib/lwip/src/core/ipv4/dhcp.o
 .text.dhcp_option
                0x00000000000136a8       0xa2 ./src/lib/lwip/src/core/ipv4/dhcp.o
 .text.dhcp_option_byte
                0x000000000001374a       0x78 ./src/lib/lwip/src/core/ipv4/dhcp.o
 .text.dhcp_option_short
                0x00000000000137c2       0xa6 ./src/lib/lwip/src/core/ipv4/dhcp.o
 .text.dhcp_option_long
                0x0000000000013868       0xe2 ./src/lib/lwip/src/core/ipv4/dhcp.o
 .text.dhcp_option_hostname
                0x000000000001394a      0x138 ./src/lib/lwip/src/core/ipv4/dhcp.o
 .text.dhcp_parse_reply
                0x0000000000013a82      0x50a ./src/lib/lwip/src/core/ipv4/dhcp.o
 .text.dhcp_recv
                0x0000000000013f8c      0x226 ./src/lib/lwip/src/core/ipv4/dhcp.o
 .text.dhcp_create_msg
                0x00000000000141b2      0x2be ./src/lib/lwip/src/core/ipv4/dhcp.o
 .text.dhcp_option_trailer
                0x0000000000014470       0x88 ./src/lib/lwip/src/core/ipv4/dhcp.o
 .text.dhcp_supplied_address
                0x00000000000144f8       0x5c ./src/lib/lwip/src/core/ipv4/dhcp.o
                0x00000000000144f8                dhcp_supplied_address
 .text.etharp_free_entry
                0x0000000000014554      0x116 ./src/lib/lwip/src/core/ipv4/etharp.o
 .text.etharp_tmr
                0x000000000001466a      0x1b8 ./src/lib/lwip/src/core/ipv4/etharp.o
                0x000000000001466a                etharp_tmr
 .text.etharp_find_entry
                0x0000000000014822      0x3fc ./src/lib/lwip/src/core/ipv4/etharp.o
 .text.etharp_update_arp_entry
                0x0000000000014c1e      0x1aa ./src/lib/lwip/src/core/ipv4/etharp.o
 .text.etharp_input
                0x0000000000014dc8      0x218 ./src/lib/lwip/src/core/ipv4/etharp.o
                0x0000000000014dc8                etharp_input
 .text.etharp_output_to_arp_index
                0x0000000000014fe0      0x19a ./src/lib/lwip/src/core/ipv4/etharp.o
 .text.etharp_output
                0x000000000001517a      0x2dc ./src/lib/lwip/src/core/ipv4/etharp.o
                0x000000000001517a                etharp_output
 .text.etharp_query
                0x0000000000015456      0x3ea ./src/lib/lwip/src/core/ipv4/etharp.o
                0x0000000000015456                etharp_query
 .text.etharp_raw
                0x0000000000015840      0x212 ./src/lib/lwip/src/core/ipv4/etharp.o
 .text.etharp_request_dst
                0x0000000000015a52       0x4e ./src/lib/lwip/src/core/ipv4/etharp.o
 .text.etharp_request
                0x0000000000015aa0       0x2c ./src/lib/lwip/src/core/ipv4/etharp.o
                0x0000000000015aa0                etharp_request
 .text.etharp_acd_probe
                0x0000000000015acc       0x46 ./src/lib/lwip/src/core/ipv4/etharp.o
                0x0000000000015acc                etharp_acd_probe
 .text.etharp_acd_announce
                0x0000000000015b12       0x46 ./src/lib/lwip/src/core/ipv4/etharp.o
                0x0000000000015b12                etharp_acd_announce
 .text.icmp_input
                0x0000000000015b58      0x442 ./src/lib/lwip/src/core/ipv4/icmp.o
                0x0000000000015b58                icmp_input
 .text.icmp_dest_unreach
                0x0000000000015f9a       0x2c ./src/lib/lwip/src/core/ipv4/icmp.o
                0x0000000000015f9a                icmp_dest_unreach
 .text.icmp_time_exceeded
                0x0000000000015fc6       0x2c ./src/lib/lwip/src/core/ipv4/icmp.o
                0x0000000000015fc6                icmp_time_exceeded
 .text.icmp_send_response
                0x0000000000015ff2      0x17e ./src/lib/lwip/src/core/ipv4/icmp.o
 .text.ip4_addr_isbroadcast_u32
                0x0000000000016170       0x98 ./src/lib/lwip/src/core/ipv4/ip4_addr.o
                0x0000000000016170                ip4_addr_isbroadcast_u32
 .text.ip4addr_ntoa
                0x0000000000016208       0x28 ./src/lib/lwip/src/core/ipv4/ip4_addr.o
                0x0000000000016208                ip4addr_ntoa
 .text.ip4addr_ntoa_r
                0x0000000000016230      0x13a ./src/lib/lwip/src/core/ipv4/ip4_addr.o
                0x0000000000016230                ip4addr_ntoa_r
 .text.ip_reass_tmr
                0x000000000001636a       0x70 ./src/lib/lwip/src/core/ipv4/ip4_frag.o
                0x000000000001636a                ip_reass_tmr
 .text.ip_reass_free_complete_datagram
                0x00000000000163da      0x250 ./src/lib/lwip/src/core/ipv4/ip4_frag.o
 .text.ip_reass_remove_oldest_datagram
                0x000000000001662a      0x136 ./src/lib/lwip/src/core/ipv4/ip4_frag.o
 .text.ip_reass_enqueue_new_datagram
                0x0000000000016760       0xae ./src/lib/lwip/src/core/ipv4/ip4_frag.o
 .text.ip_reass_dequeue_datagram
                0x000000000001680e       0x78 ./src/lib/lwip/src/core/ipv4/ip4_frag.o
 .text.ip_reass_chain_frag_into_datagram_and_validate
                0x0000000000016886      0x65c ./src/lib/lwip/src/core/ipv4/ip4_frag.o
 .text.ip4_reass
                0x0000000000016ee2      0x55c ./src/lib/lwip/src/core/ipv4/ip4_frag.o
                0x0000000000016ee2                ip4_reass
 .text.ip_frag_alloc_pbuf_custom_ref
                0x000000000001743e       0x1a ./src/lib/lwip/src/core/ipv4/ip4_frag.o
 .text.ip_frag_free_pbuf_custom_ref
                0x0000000000017458       0x50 ./src/lib/lwip/src/core/ipv4/ip4_frag.o
 .text.ipfrag_free_pbuf_custom
                0x00000000000174a8       0xa0 ./src/lib/lwip/src/core/ipv4/ip4_frag.o
 .text.ip4_frag
                0x0000000000017548      0x3c8 ./src/lib/lwip/src/core/ipv4/ip4_frag.o
                0x0000000000017548                ip4_frag
 .text.ip4_route
                0x0000000000017910      0x118 ./src/lib/lwip/src/core/ipv4/ip4.o
                0x0000000000017910                ip4_route
 .text.ip4_input_accept
                0x0000000000017a28       0x64 ./src/lib/lwip/src/core/ipv4/ip4.o
 .text.ip4_input
                0x0000000000017a8c      0x4f2 ./src/lib/lwip/src/core/ipv4/ip4.o
                0x0000000000017a8c                ip4_input
 .text.ip4_output_if
                0x0000000000017f7e       0x80 ./src/lib/lwip/src/core/ipv4/ip4.o
                0x0000000000017f7e                ip4_output_if
 .text.ip4_output_if_src
                0x0000000000017ffe      0x386 ./src/lib/lwip/src/core/ipv4/ip4.o
                0x0000000000017ffe                ip4_output_if_src
 .text.ethernet_input
                0x0000000000018384      0x1fe ./src/lib/lwip/src/netif/ethernet.o
                0x0000000000018384                ethernet_input
 .text.ethernet_output
                0x0000000000018582      0x10e ./src/lib/lwip/src/netif/ethernet.o
                0x0000000000018582                ethernet_output
 .text.tcpip_timeouts_mbox_fetch
                0x0000000000018690       0x9a ./src/lib/lwip/src/api/tcpip.o
 .text.tcpip_thread
                0x000000000001872a       0x72 ./src/lib/lwip/src/api/tcpip.o
 .text.tcpip_thread_handle_msg
                0x000000000001879c       0xb8 ./src/lib/lwip/src/api/tcpip.o
 .text.tcpip_inpkt
                0x0000000000018854       0xa8 ./src/lib/lwip/src/api/tcpip.o
                0x0000000000018854                tcpip_inpkt
 .text.tcpip_input
                0x00000000000188fc       0x54 ./src/lib/lwip/src/api/tcpip.o
                0x00000000000188fc                tcpip_input
 .text.tcpip_init
                0x0000000000018950       0xbe ./src/lib/lwip/src/api/tcpip.o
                0x0000000000018950                tcpip_init
 .text.altcp_alloc
                0x0000000000018a0e       0x34 ./src/lib/lwip/src/core/altcp.o
                0x0000000000018a0e                altcp_alloc
 .text.altcp_free
                0x0000000000018a42       0x46 ./src/lib/lwip/src/core/altcp.o
                0x0000000000018a42                altcp_free
 .text.altcp_arg
                0x0000000000018a88       0x26 ./src/lib/lwip/src/core/altcp.o
                0x0000000000018a88                altcp_arg
 .text.altcp_accept
                0x0000000000018aae       0x26 ./src/lib/lwip/src/core/altcp.o
                0x0000000000018aae                altcp_accept
 .text.altcp_recv
                0x0000000000018ad4       0x26 ./src/lib/lwip/src/core/altcp.o
                0x0000000000018ad4                altcp_recv
 .text.altcp_sent
                0x0000000000018afa       0x26 ./src/lib/lwip/src/core/altcp.o
                0x0000000000018afa                altcp_sent
 .text.altcp_poll
                0x0000000000018b20       0x62 ./src/lib/lwip/src/core/altcp.o
                0x0000000000018b20                altcp_poll
 .text.altcp_err
                0x0000000000018b82       0x26 ./src/lib/lwip/src/core/altcp.o
                0x0000000000018b82                altcp_err
 .text.altcp_recved
                0x0000000000018ba8       0x48 ./src/lib/lwip/src/core/altcp.o
                0x0000000000018ba8                altcp_recved
 .text.altcp_bind
                0x0000000000018bf0       0x56 ./src/lib/lwip/src/core/altcp.o
                0x0000000000018bf0                altcp_bind
 .text.altcp_listen_with_backlog_and_err
                0x0000000000018c46       0x56 ./src/lib/lwip/src/core/altcp.o
                0x0000000000018c46                altcp_listen_with_backlog_and_err
 .text.altcp_abort
                0x0000000000018c9c       0x3c ./src/lib/lwip/src/core/altcp.o
                0x0000000000018c9c                altcp_abort
 .text.altcp_close
                0x0000000000018cd8       0x42 ./src/lib/lwip/src/core/altcp.o
                0x0000000000018cd8                altcp_close
 .text.altcp_write
                0x0000000000018d1a       0x66 ./src/lib/lwip/src/core/altcp.o
                0x0000000000018d1a                altcp_write
 .text.altcp_output
                0x0000000000018d80       0x42 ./src/lib/lwip/src/core/altcp.o
                0x0000000000018d80                altcp_output
 .text.altcp_mss
                0x0000000000018dc2       0x42 ./src/lib/lwip/src/core/altcp.o
                0x0000000000018dc2                altcp_mss
 .text.altcp_sndbuf
                0x0000000000018e04       0x42 ./src/lib/lwip/src/core/altcp.o
                0x0000000000018e04                altcp_sndbuf
 .text.altcp_sndqueuelen
                0x0000000000018e46       0x42 ./src/lib/lwip/src/core/altcp.o
                0x0000000000018e46                altcp_sndqueuelen
 .text.altcp_setprio
                0x0000000000018e88       0x48 ./src/lib/lwip/src/core/altcp.o
                0x0000000000018e88                altcp_setprio
 .text.altcp_tcp_accept
                0x0000000000018ed0       0x78 ./src/lib/lwip/src/core/altcp_tcp.o
 .text.altcp_tcp_connected
                0x0000000000018f48       0xc0 ./src/lib/lwip/src/core/altcp_tcp.o
 .text.altcp_tcp_recv
                0x0000000000019008       0xd8 ./src/lib/lwip/src/core/altcp_tcp.o
 .text.altcp_tcp_sent
                0x00000000000190e0       0xc0 ./src/lib/lwip/src/core/altcp_tcp.o
 .text.altcp_tcp_poll
                0x00000000000191a0       0xb4 ./src/lib/lwip/src/core/altcp_tcp.o
 .text.altcp_tcp_err
                0x0000000000019254       0x58 ./src/lib/lwip/src/core/altcp_tcp.o
 .text.altcp_tcp_remove_callbacks
                0x00000000000192ac       0x5e ./src/lib/lwip/src/core/altcp_tcp.o
 .text.altcp_tcp_setup_callbacks
                0x000000000001930a       0x62 ./src/lib/lwip/src/core/altcp_tcp.o
 .text.altcp_tcp_setup
                0x000000000001936c       0x3e ./src/lib/lwip/src/core/altcp_tcp.o
 .text.altcp_tcp_new_ip_type
                0x00000000000193aa       0x56 ./src/lib/lwip/src/core/altcp_tcp.o
                0x00000000000193aa                altcp_tcp_new_ip_type
 .text.altcp_tcp_set_poll
                0x0000000000019400       0x74 ./src/lib/lwip/src/core/altcp_tcp.o
 .text.altcp_tcp_recved
                0x0000000000019474       0x6c ./src/lib/lwip/src/core/altcp_tcp.o
 .text.altcp_tcp_bind
                0x00000000000194e0       0x7a ./src/lib/lwip/src/core/altcp_tcp.o
 .text.altcp_tcp_connect
                0x000000000001955a       0x90 ./src/lib/lwip/src/core/altcp_tcp.o
 .text.altcp_tcp_listen
                0x00000000000195ea       0xa4 ./src/lib/lwip/src/core/altcp_tcp.o
 .text.altcp_tcp_abort
                0x000000000001968e       0x66 ./src/lib/lwip/src/core/altcp_tcp.o
 .text.altcp_tcp_close
                0x00000000000196f4       0xc4 ./src/lib/lwip/src/core/altcp_tcp.o
 .text.altcp_tcp_shutdown
                0x00000000000197b8       0x76 ./src/lib/lwip/src/core/altcp_tcp.o
 .text.altcp_tcp_write
                0x000000000001982e       0x88 ./src/lib/lwip/src/core/altcp_tcp.o
 .text.altcp_tcp_output
                0x00000000000198b6       0x66 ./src/lib/lwip/src/core/altcp_tcp.o
 .text.altcp_tcp_mss
                0x000000000001991c       0x62 ./src/lib/lwip/src/core/altcp_tcp.o
 .text.altcp_tcp_sndbuf
                0x000000000001997e       0x64 ./src/lib/lwip/src/core/altcp_tcp.o
 .text.altcp_tcp_sndqueuelen
                0x00000000000199e2       0x64 ./src/lib/lwip/src/core/altcp_tcp.o
 .text.altcp_tcp_nagle_disable
                0x0000000000019a46       0x76 ./src/lib/lwip/src/core/altcp_tcp.o
 .text.altcp_tcp_nagle_enable
                0x0000000000019abc       0x76 ./src/lib/lwip/src/core/altcp_tcp.o
 .text.altcp_tcp_nagle_disabled
                0x0000000000019b32       0x76 ./src/lib/lwip/src/core/altcp_tcp.o
 .text.altcp_tcp_setprio
                0x0000000000019ba8       0x6c ./src/lib/lwip/src/core/altcp_tcp.o
 .text.altcp_tcp_dealloc
                0x0000000000019c14       0x48 ./src/lib/lwip/src/core/altcp_tcp.o
 .text.altcp_tcp_get_tcp_addrinfo
                0x0000000000019c5c       0x7e ./src/lib/lwip/src/core/altcp_tcp.o
 .text.altcp_tcp_get_ip
                0x0000000000019cda       0x78 ./src/lib/lwip/src/core/altcp_tcp.o
 .text.altcp_tcp_get_port
                0x0000000000019d52       0x7a ./src/lib/lwip/src/core/altcp_tcp.o
 .text.altcp_tcp_dbg_get_tcp_state
                0x0000000000019dcc       0x68 ./src/lib/lwip/src/core/altcp_tcp.o
 .text.http_state_init
                0x0000000000019e34       0x24 ./src/lib/lwip/src/apps/http/httpd.o
 .text.http_state_alloc
                0x0000000000019e58       0x30 ./src/lib/lwip/src/apps/http/httpd.o
 .text.http_state_eof
                0x0000000000019e88       0x4e ./src/lib/lwip/src/apps/http/httpd.o
 .text.http_state_free
                0x0000000000019ed6       0x2c ./src/lib/lwip/src/apps/http/httpd.o
 .text.http_write
                0x0000000000019f02      0x138 ./src/lib/lwip/src/apps/http/httpd.o
 .text.http_close_or_abort_conn
                0x000000000001a03a       0x9e ./src/lib/lwip/src/apps/http/httpd.o
 .text.http_close_conn
                0x000000000001a0d8       0x2a ./src/lib/lwip/src/apps/http/httpd.o
 .text.http_eof
                0x000000000001a102       0x26 ./src/lib/lwip/src/apps/http/httpd.o
 .text.http_check_eof
                0x000000000001a128       0x84 ./src/lib/lwip/src/apps/http/httpd.o
 .text.http_send_data_nonssi
                0x000000000001a1ac       0x94 ./src/lib/lwip/src/apps/http/httpd.o
 .text.http_send
                0x000000000001a240       0x84 ./src/lib/lwip/src/apps/http/httpd.o
 .text.http_get_404_file
                0x000000000001a2c4       0xae ./src/lib/lwip/src/apps/http/httpd.o
 .text.http_parse_request
                0x000000000001a372      0x29a ./src/lib/lwip/src/apps/http/httpd.o
 .text.http_find_file
                0x000000000001a60c      0x248 ./src/lib/lwip/src/apps/http/httpd.o
 .text.http_init_file
                0x000000000001a854      0x198 ./src/lib/lwip/src/apps/http/httpd.o
 .text.http_err
                0x000000000001a9ec       0x32 ./src/lib/lwip/src/apps/http/httpd.o
 .text.http_sent
                0x000000000001aa1e       0x48 ./src/lib/lwip/src/apps/http/httpd.o
 .text.http_poll
                0x000000000001aa66       0x92 ./src/lib/lwip/src/apps/http/httpd.o
 .text.http_recv
                0x000000000001aaf8      0x14e ./src/lib/lwip/src/apps/http/httpd.o
 .text.http_accept
                0x000000000001ac46       0xa6 ./src/lib/lwip/src/apps/http/httpd.o
 .text.httpd_init_pcb
                0x000000000001acec       0xca ./src/lib/lwip/src/apps/http/httpd.o
 .text.httpd_init
                0x000000000001adb6       0x5c ./src/lib/lwip/src/apps/http/httpd.o
                0x000000000001adb6                httpd_init
 .text.fs_open  0x000000000001ae12       0x92 ./src/lib/lwip/src/apps/http/fs.o
                0x000000000001ae12                fs_open
 .text.fs_close
                0x000000000001aea4       0x12 ./src/lib/lwip/src/apps/http/fs.o
                0x000000000001aea4                fs_close
 .text.fs_bytes_left
                0x000000000001aeb6       0x22 ./src/lib/lwip/src/apps/http/fs.o
                0x000000000001aeb6                fs_bytes_left
 .text.sys_init
                0x000000000001aed8        0xe ./src/lib/lwip/src/../contrib/ports/freertos/sys_arch.o
                0x000000000001aed8                sys_init
 .text.sys_now  0x000000000001aee6       0x1a ./src/lib/lwip/src/../contrib/ports/freertos/sys_arch.o
                0x000000000001aee6                sys_now
 .text.sys_arch_protect
                0x000000000001af00       0x18 ./src/lib/lwip/src/../contrib/ports/freertos/sys_arch.o
                0x000000000001af00                sys_arch_protect
 .text.sys_arch_unprotect
                0x000000000001af18       0x1a ./src/lib/lwip/src/../contrib/ports/freertos/sys_arch.o
                0x000000000001af18                sys_arch_unprotect
 .text.sys_mutex_new
                0x000000000001af32       0xd6 ./src/lib/lwip/src/../contrib/ports/freertos/sys_arch.o
                0x000000000001af32                sys_mutex_new
 .text.sys_mutex_lock
                0x000000000001b008       0xbe ./src/lib/lwip/src/../contrib/ports/freertos/sys_arch.o
                0x000000000001b008                sys_mutex_lock
 .text.sys_mutex_unlock
                0x000000000001b0c6       0xbc ./src/lib/lwip/src/../contrib/ports/freertos/sys_arch.o
                0x000000000001b0c6                sys_mutex_unlock
 .text.sys_mbox_new
                0x000000000001b182      0x114 ./src/lib/lwip/src/../contrib/ports/freertos/sys_arch.o
                0x000000000001b182                sys_mbox_new
 .text.sys_mbox_trypost
                0x000000000001b296       0xf6 ./src/lib/lwip/src/../contrib/ports/freertos/sys_arch.o
                0x000000000001b296                sys_mbox_trypost
 .text.sys_arch_mbox_fetch
                0x000000000001b38c      0x148 ./src/lib/lwip/src/../contrib/ports/freertos/sys_arch.o
                0x000000000001b38c                sys_arch_mbox_fetch
 .text.sys_thread_new
                0x000000000001b4d4       0xc8 ./src/lib/lwip/src/../contrib/ports/freertos/sys_arch.o
                0x000000000001b4d4                sys_thread_new
 .text.__get_MEPC
                0x000000000001b59c       0x1a ./vendor/Core/core_riscv.o
                0x000000000001b59c                __get_MEPC
 .text.__get_MCAUSE
                0x000000000001b5b6       0x1a ./vendor/Core/core_riscv.o
                0x000000000001b5b6                __get_MCAUSE
 .text.__get_MTVAL
                0x000000000001b5d0       0x1a ./vendor/Core/core_riscv.o
                0x000000000001b5d0                __get_MTVAL
 .text.Delay_Init
                0x000000000001b5ea       0x46 ./vendor/Debug/debug.o
                0x000000000001b5ea                Delay_Init
 .text.USART_Printf_Init
                0x000000000001b630       0x86 ./vendor/Debug/debug.o
                0x000000000001b630                USART_Printf_Init
 .text._write   0x000000000001b6b6       0x76 ./vendor/Debug/debug.o
                0x000000000001b6b6                _write
 .text._sbrk    0x000000000001b72c       0x5e ./vendor/Debug/debug.o
                0x000000000001b72c                _sbrk
 .text.ETH_DeInit
                0x000000000001b78a       0x22 ./vendor/Peripheral/src/ch32v30x_eth.o
                0x000000000001b78a                ETH_DeInit
 .text.ETH_StructInit
                0x000000000001b7ac      0x1a8 ./vendor/Peripheral/src/ch32v30x_eth.o
                0x000000000001b7ac                ETH_StructInit
 .text.ETH_Start
                0x000000000001b954       0x24 ./vendor/Peripheral/src/ch32v30x_eth.o
                0x000000000001b954                ETH_Start
 .text.ETH_ReadPHYRegister
                0x000000000001b978       0xca ./vendor/Peripheral/src/ch32v30x_eth.o
                0x000000000001b978                ETH_ReadPHYRegister
 .text.ETH_WritePHYRegister
                0x000000000001ba42       0xd6 ./vendor/Peripheral/src/ch32v30x_eth.o
                0x000000000001ba42                ETH_WritePHYRegister
 .text.ETH_MACTransmissionCmd
                0x000000000001bb18       0x38 ./vendor/Peripheral/src/ch32v30x_eth.o
                0x000000000001bb18                ETH_MACTransmissionCmd
 .text.ETH_MACReceptionCmd
                0x000000000001bb50       0x38 ./vendor/Peripheral/src/ch32v30x_eth.o
                0x000000000001bb50                ETH_MACReceptionCmd
 .text.ETH_DMATxDescChainInit
                0x000000000001bb88       0xb8 ./vendor/Peripheral/src/ch32v30x_eth.o
                0x000000000001bb88                ETH_DMATxDescChainInit
 .text.ETH_DMARxDescChainInit
                0x000000000001bc40       0xc4 ./vendor/Peripheral/src/ch32v30x_eth.o
                0x000000000001bc40                ETH_DMARxDescChainInit
 .text.ETH_SoftwareReset
                0x000000000001bd04       0x26 ./vendor/Peripheral/src/ch32v30x_eth.o
                0x000000000001bd04                ETH_SoftwareReset
 .text.ETH_DMAClearITPendingBit
                0x000000000001bd2a       0x20 ./vendor/Peripheral/src/ch32v30x_eth.o
                0x000000000001bd2a                ETH_DMAClearITPendingBit
 .text.ETH_FlushTransmitFIFO
                0x000000000001bd4a       0x28 ./vendor/Peripheral/src/ch32v30x_eth.o
                0x000000000001bd4a                ETH_FlushTransmitFIFO
 .text.ETH_DMATransmissionCmd
                0x000000000001bd72       0x4c ./vendor/Peripheral/src/ch32v30x_eth.o
                0x000000000001bd72                ETH_DMATransmissionCmd
 .text.ETH_DMAReceptionCmd
                0x000000000001bdbe       0x4a ./vendor/Peripheral/src/ch32v30x_eth.o
                0x000000000001bdbe                ETH_DMAReceptionCmd
 .text.ETH_DMAITConfig
                0x000000000001be08       0x56 ./vendor/Peripheral/src/ch32v30x_eth.o
                0x000000000001be08                ETH_DMAITConfig
 .text.ETH_GetCurrentTxBufferAddress
                0x000000000001be5e       0x18 ./vendor/Peripheral/src/ch32v30x_eth.o
                0x000000000001be5e                ETH_GetCurrentTxBufferAddress
 .text.GPIO_Init
                0x000000000001be76      0x222 ./vendor/Peripheral/src/ch32v30x_gpio.o
                0x000000000001be76                GPIO_Init
 .text.GPIO_SetBits
                0x000000000001c098       0x22 ./vendor/Peripheral/src/ch32v30x_gpio.o
                0x000000000001c098                GPIO_SetBits
 .text.GPIO_ResetBits
                0x000000000001c0ba       0x22 ./vendor/Peripheral/src/ch32v30x_gpio.o
                0x000000000001c0ba                GPIO_ResetBits
 .text.GPIO_WriteBit
                0x000000000001c0dc       0x38 ./vendor/Peripheral/src/ch32v30x_gpio.o
                0x000000000001c0dc                GPIO_WriteBit
 .text.NVIC_PriorityGroupConfig
                0x000000000001c114       0x1a ./vendor/Peripheral/src/ch32v30x_misc.o
                0x000000000001c114                NVIC_PriorityGroupConfig
 .text.RCC_GetClocksFreq
                0x000000000001c12e      0x38a ./vendor/Peripheral/src/ch32v30x_rcc.o
                0x000000000001c12e                RCC_GetClocksFreq
 .text.RCC_AHBPeriphClockCmd
                0x000000000001c4b8       0x46 ./vendor/Peripheral/src/ch32v30x_rcc.o
                0x000000000001c4b8                RCC_AHBPeriphClockCmd
 .text.RCC_APB2PeriphClockCmd
                0x000000000001c4fe       0x46 ./vendor/Peripheral/src/ch32v30x_rcc.o
                0x000000000001c4fe                RCC_APB2PeriphClockCmd
 .text.RCC_MCOConfig
                0x000000000001c544       0x20 ./vendor/Peripheral/src/ch32v30x_rcc.o
                0x000000000001c544                RCC_MCOConfig
 .text.RCC_GetFlagStatus
                0x000000000001c564       0x8e ./vendor/Peripheral/src/ch32v30x_rcc.o
                0x000000000001c564                RCC_GetFlagStatus
 .text.RCC_PREDIV2Config
                0x000000000001c5f2       0x44 ./vendor/Peripheral/src/ch32v30x_rcc.o
                0x000000000001c5f2                RCC_PREDIV2Config
 .text.RCC_PLL3Config
                0x000000000001c636       0x46 ./vendor/Peripheral/src/ch32v30x_rcc.o
                0x000000000001c636                RCC_PLL3Config
 .text.RCC_PLL3Cmd
                0x000000000001c67c       0x40 ./vendor/Peripheral/src/ch32v30x_rcc.o
                0x000000000001c67c                RCC_PLL3Cmd
 .text.RCC_AHBPeriphResetCmd
                0x000000000001c6bc       0x46 ./vendor/Peripheral/src/ch32v30x_rcc.o
                0x000000000001c6bc                RCC_AHBPeriphResetCmd
 .text.RNG_Cmd  0x000000000001c702       0x48 ./vendor/Peripheral/src/ch32v30x_rng.o
                0x000000000001c702                RNG_Cmd
 .text.USART_Init
                0x000000000001c74a      0x1b4 ./vendor/Peripheral/src/ch32v30x_usart.o
                0x000000000001c74a                USART_Init
 .text.USART_Cmd
                0x000000000001c8fe       0x58 ./vendor/Peripheral/src/ch32v30x_usart.o
                0x000000000001c8fe                USART_Cmd
 .text.USART_SendData
                0x000000000001c956       0x2c ./vendor/Peripheral/src/ch32v30x_usart.o
                0x000000000001c956                USART_SendData
 .text.USART_GetFlagStatus
                0x000000000001c982       0x44 ./vendor/Peripheral/src/ch32v30x_usart.o
                0x000000000001c982                USART_GetFlagStatus
 .text.abort    0x000000000001c9c6       0x10 /opt/wch/MRS_Toolchain_Linux_X64_V240/Toolchain/RISC-V Embedded GCC/bin/../lib/gcc/riscv-none-embed/8.2.0/../../../../riscv-none-embed/lib/rv32imacxw/ilp32/libg_nano.a(lib_a-abort.o)
                0x000000000001c9c6                abort
 .text.__sflush_r
                0x000000000001c9d6      0x130 /opt/wch/MRS_Toolchain_Linux_X64_V240/Toolchain/RISC-V Embedded GCC/bin/../lib/gcc/riscv-none-embed/8.2.0/../../../../riscv-none-embed/lib/rv32imacxw/ilp32/libg_nano.a(lib_a-fflush.o)
                0x000000000001c9d6                __sflush_r
 .text._fflush_r
                0x000000000001cb06       0x66 /opt/wch/MRS_Toolchain_Linux_X64_V240/Toolchain/RISC-V Embedded GCC/bin/../lib/gcc/riscv-none-embed/8.2.0/../../../../riscv-none-embed/lib/rv32imacxw/ilp32/libg_nano.a(lib_a-fflush.o)
                0x000000000001cb06                _fflush_r
 .text.fflush   0x000000000001cb6c       0x1e /opt/wch/MRS_Toolchain_Linux_X64_V240/Toolchain/RISC-V Embedded GCC/bin/../lib/gcc/riscv-none-embed/8.2.0/../../../../riscv-none-embed/lib/rv32imacxw/ilp32/libg_nano.a(lib_a-fflush.o)
                0x000000000001cb6c                fflush
 .text.std      0x000000000001cb8a       0x66 /opt/wch/MRS_Toolchain_Linux_X64_V240/Toolchain/RISC-V Embedded GCC/bin/../lib/gcc/riscv-none-embed/8.2.0/../../../../riscv-none-embed/lib/rv32imacxw/ilp32/libg_nano.a(lib_a-findfp.o)
 .text._cleanup_r
                0x000000000001cbf0        0xa /opt/wch/MRS_Toolchain_Linux_X64_V240/Toolchain/RISC-V Embedded GCC/bin/../lib/gcc/riscv-none-embed/8.2.0/../../../../riscv-none-embed/lib/rv32imacxw/ilp32/libg_nano.a(lib_a-findfp.o)
                0x000000000001cbf0                _cleanup_r
 .text.__sfmoreglue
                0x000000000001cbfa       0x46 /opt/wch/MRS_Toolchain_Linux_X64_V240/Toolchain/RISC-V Embedded GCC/bin/../lib/gcc/riscv-none-embed/8.2.0/../../../../riscv-none-embed/lib/rv32imacxw/ilp32/libg_nano.a(lib_a-findfp.o)
                0x000000000001cbfa                __sfmoreglue
 .text.__sinit  0x000000000001cc40       0x6c /opt/wch/MRS_Toolchain_Linux_X64_V240/Toolchain/RISC-V Embedded GCC/bin/../lib/gcc/riscv-none-embed/8.2.0/../../../../riscv-none-embed/lib/rv32imacxw/ilp32/libg_nano.a(lib_a-findfp.o)
                0x000000000001cc40                __sinit
 .text.__sfp    0x000000000001ccac       0xa0 /opt/wch/MRS_Toolchain_Linux_X64_V240/Toolchain/RISC-V Embedded GCC/bin/../lib/gcc/riscv-none-embed/8.2.0/../../../../riscv-none-embed/lib/rv32imacxw/ilp32/libg_nano.a(lib_a-findfp.o)
                0x000000000001ccac                __sfp
 .text._fwalk_reent
                0x000000000001cd4c       0x6a /opt/wch/MRS_Toolchain_Linux_X64_V240/Toolchain/RISC-V Embedded GCC/bin/../lib/gcc/riscv-none-embed/8.2.0/../../../../riscv-none-embed/lib/rv32imacxw/ilp32/libg_nano.a(lib_a-fwalk.o)
                0x000000000001cd4c                _fwalk_reent
 .text.__ascii_mbtowc
                0x000000000001cdb6       0x32 /opt/wch/MRS_Toolchain_Linux_X64_V240/Toolchain/RISC-V Embedded GCC/bin/../lib/gcc/riscv-none-embed/8.2.0/../../../../riscv-none-embed/lib/rv32imacxw/ilp32/libg_nano.a(lib_a-mbtowc_r.o)
                0x000000000001cdb6                __ascii_mbtowc
 .text.memcmp   0x000000000001cde8       0x24 /opt/wch/MRS_Toolchain_Linux_X64_V240/Toolchain/RISC-V Embedded GCC/bin/../lib/gcc/riscv-none-embed/8.2.0/../../../../riscv-none-embed/lib/rv32imacxw/ilp32/libg_nano.a(lib_a-memcmp.o)
                0x000000000001cde8                memcmp
 .text.memcpy   0x000000000001ce0c       0xb2 /opt/wch/MRS_Toolchain_Linux_X64_V240/Toolchain/RISC-V Embedded GCC/bin/../lib/gcc/riscv-none-embed/8.2.0/../../../../riscv-none-embed/lib/rv32imacxw/ilp32/libg_nano.a(lib_a-memcpy.o)
                0x000000000001ce0c                memcpy
 .text._free_r  0x000000000001cebe       0xa8 /opt/wch/MRS_Toolchain_Linux_X64_V240/Toolchain/RISC-V Embedded GCC/bin/../lib/gcc/riscv-none-embed/8.2.0/../../../../riscv-none-embed/lib/rv32imacxw/ilp32/libg_nano.a(lib_a-nano-freer.o)
                0x000000000001cebe                _free_r
 .text._malloc_r
                0x000000000001cf66       0xda /opt/wch/MRS_Toolchain_Linux_X64_V240/Toolchain/RISC-V Embedded GCC/bin/../lib/gcc/riscv-none-embed/8.2.0/../../../../riscv-none-embed/lib/rv32imacxw/ilp32/libg_nano.a(lib_a-nano-mallocr.o)
                0x000000000001cf66                _malloc_r
 .text.__cvt    0x000000000001d040       0xea /opt/wch/MRS_Toolchain_Linux_X64_V240/Toolchain/RISC-V Embedded GCC/bin/../lib/gcc/riscv-none-embed/8.2.0/../../../../riscv-none-embed/lib/rv32imacxw/ilp32/libg_nano.a(lib_a-nano-vfprintf_float.o)
                0x000000000001d040                __cvt
 .text.__exponent
                0x000000000001d12a       0x84 /opt/wch/MRS_Toolchain_Linux_X64_V240/Toolchain/RISC-V Embedded GCC/bin/../lib/gcc/riscv-none-embed/8.2.0/../../../../riscv-none-embed/lib/rv32imacxw/ilp32/libg_nano.a(lib_a-nano-vfprintf_float.o)
                0x000000000001d12a                __exponent
 .text._printf_float
                0x000000000001d1ae      0x4c4 /opt/wch/MRS_Toolchain_Linux_X64_V240/Toolchain/RISC-V Embedded GCC/bin/../lib/gcc/riscv-none-embed/8.2.0/../../../../riscv-none-embed/lib/rv32imacxw/ilp32/libg_nano.a(lib_a-nano-vfprintf_float.o)
                0x000000000001d1ae                _printf_float
 .text._printf_common
                0x000000000001d672      0x10c /opt/wch/MRS_Toolchain_Linux_X64_V240/Toolchain/RISC-V Embedded GCC/bin/../lib/gcc/riscv-none-embed/8.2.0/../../../../riscv-none-embed/lib/rv32imacxw/ilp32/libg_nano.a(lib_a-nano-vfprintf_i.o)
                0x000000000001d672                _printf_common
 .text._printf_i
                0x000000000001d77e      0x2a4 /opt/wch/MRS_Toolchain_Linux_X64_V240/Toolchain/RISC-V Embedded GCC/bin/../lib/gcc/riscv-none-embed/8.2.0/../../../../riscv-none-embed/lib/rv32imacxw/ilp32/libg_nano.a(lib_a-nano-vfprintf_i.o)
                0x000000000001d77e                _printf_i
 .text.printf   0x000000000001da22       0x42 /opt/wch/MRS_Toolchain_Linux_X64_V240/Toolchain/RISC-V Embedded GCC/bin/../lib/gcc/riscv-none-embed/8.2.0/../../../../riscv-none-embed/lib/rv32imacxw/ilp32/libg_nano.a(lib_a-printf.o)
                0x000000000001da22                printf
                0x000000000001da22                iprintf
 .text._puts_r  0x000000000001da64       0xd8 /opt/wch/MRS_Toolchain_Linux_X64_V240/Toolchain/RISC-V Embedded GCC/bin/../lib/gcc/riscv-none-embed/8.2.0/../../../../riscv-none-embed/lib/rv32imacxw/ilp32/libg_nano.a(lib_a-puts.o)
                0x000000000001da64                _puts_r
 .text.puts     0x000000000001db3c        0xc /opt/wch/MRS_Toolchain_Linux_X64_V240/Toolchain/RISC-V Embedded GCC/bin/../lib/gcc/riscv-none-embed/8.2.0/../../../../riscv-none-embed/lib/rv32imacxw/ilp32/libg_nano.a(lib_a-puts.o)
                0x000000000001db3c                puts
 .text._sbrk_r  0x000000000001db48       0x32 /opt/wch/MRS_Toolchain_Linux_X64_V240/Toolchain/RISC-V Embedded GCC/bin/../lib/gcc/riscv-none-embed/8.2.0/../../../../riscv-none-embed/lib/rv32imacxw/ilp32/libg_nano.a(lib_a-sbrkr.o)
                0x000000000001db48                _sbrk_r
 .text._raise_r
                0x000000000001db7a       0x62 /opt/wch/MRS_Toolchain_Linux_X64_V240/Toolchain/RISC-V Embedded GCC/bin/../lib/gcc/riscv-none-embed/8.2.0/../../../../riscv-none-embed/lib/rv32imacxw/ilp32/libg_nano.a(lib_a-signal.o)
                0x000000000001db7a                _raise_r
 .text.raise    0x000000000001dbdc        0xc /opt/wch/MRS_Toolchain_Linux_X64_V240/Toolchain/RISC-V Embedded GCC/bin/../lib/gcc/riscv-none-embed/8.2.0/../../../../riscv-none-embed/lib/rv32imacxw/ilp32/libg_nano.a(lib_a-signal.o)
                0x000000000001dbdc                raise
 .text._kill_r  0x000000000001dbe8       0x34 /opt/wch/MRS_Toolchain_Linux_X64_V240/Toolchain/RISC-V Embedded GCC/bin/../lib/gcc/riscv-none-embed/8.2.0/../../../../riscv-none-embed/lib/rv32imacxw/ilp32/libg_nano.a(lib_a-signalr.o)
                0x000000000001dbe8                _kill_r
 .text._getpid_r
                0x000000000001dc1c        0x4 /opt/wch/MRS_Toolchain_Linux_X64_V240/Toolchain/RISC-V Embedded GCC/bin/../lib/gcc/riscv-none-embed/8.2.0/../../../../riscv-none-embed/lib/rv32imacxw/ilp32/libg_nano.a(lib_a-signalr.o)
                0x000000000001dc1c                _getpid_r
 .text.__sread  0x000000000001dc20       0x2e /opt/wch/MRS_Toolchain_Linux_X64_V240/Toolchain/RISC-V Embedded GCC/bin/../lib/gcc/riscv-none-embed/8.2.0/../../../../riscv-none-embed/lib/rv32imacxw/ilp32/libg_nano.a(lib_a-stdio.o)
                0x000000000001dc20                __sread
 .text.__swrite
                0x000000000001dc4e       0x4a /opt/wch/MRS_Toolchain_Linux_X64_V240/Toolchain/RISC-V Embedded GCC/bin/../lib/gcc/riscv-none-embed/8.2.0/../../../../riscv-none-embed/lib/rv32imacxw/ilp32/libg_nano.a(lib_a-stdio.o)
                0x000000000001dc4e                __swrite
 .text.__sseek  0x000000000001dc98       0x32 /opt/wch/MRS_Toolchain_Linux_X64_V240/Toolchain/RISC-V Embedded GCC/bin/../lib/gcc/riscv-none-embed/8.2.0/../../../../riscv-none-embed/lib/rv32imacxw/ilp32/libg_nano.a(lib_a-stdio.o)
                0x000000000001dc98                __sseek
 .text.__sclose
                0x000000000001dcca        0x6 /opt/wch/MRS_Toolchain_Linux_X64_V240/Toolchain/RISC-V Embedded GCC/bin/../lib/gcc/riscv-none-embed/8.2.0/../../../../riscv-none-embed/lib/rv32imacxw/ilp32/libg_nano.a(lib_a-stdio.o)
                0x000000000001dcca                __sclose
 .text.strchr   0x000000000001dcd0       0x18 /opt/wch/MRS_Toolchain_Linux_X64_V240/Toolchain/RISC-V Embedded GCC/bin/../lib/gcc/riscv-none-embed/8.2.0/../../../../riscv-none-embed/lib/rv32imacxw/ilp32/libg_nano.a(lib_a-strchr.o)
                0x000000000001dcd0                strchr
 .text.strlen   0x000000000001dce8       0x12 /opt/wch/MRS_Toolchain_Linux_X64_V240/Toolchain/RISC-V Embedded GCC/bin/../lib/gcc/riscv-none-embed/8.2.0/../../../../riscv-none-embed/lib/rv32imacxw/ilp32/libg_nano.a(lib_a-strlen.o)
                0x000000000001dce8                strlen
 .text.strncmp  0x000000000001dcfa       0x28 /opt/wch/MRS_Toolchain_Linux_X64_V240/Toolchain/RISC-V Embedded GCC/bin/../lib/gcc/riscv-none-embed/8.2.0/../../../../riscv-none-embed/lib/rv32imacxw/ilp32/libg_nano.a(lib_a-strncmp.o)
                0x000000000001dcfa                strncmp
 .text.__swbuf_r
                0x000000000001dd22       0xc2 /opt/wch/MRS_Toolchain_Linux_X64_V240/Toolchain/RISC-V Embedded GCC/bin/../lib/gcc/riscv-none-embed/8.2.0/../../../../riscv-none-embed/lib/rv32imacxw/ilp32/libg_nano.a(lib_a-wbuf.o)
                0x000000000001dd22                __swbuf_r
 .text.__ascii_wctomb
                0x000000000001dde4       0x1e /opt/wch/MRS_Toolchain_Linux_X64_V240/Toolchain/RISC-V Embedded GCC/bin/../lib/gcc/riscv-none-embed/8.2.0/../../../../riscv-none-embed/lib/rv32imacxw/ilp32/libg_nano.a(lib_a-wctomb_r.o)
                0x000000000001dde4                __ascii_wctomb
 .text._write_r
                0x000000000001de02       0x36 /opt/wch/MRS_Toolchain_Linux_X64_V240/Toolchain/RISC-V Embedded GCC/bin/../lib/gcc/riscv-none-embed/8.2.0/../../../../riscv-none-embed/lib/rv32imacxw/ilp32/libg_nano.a(lib_a-writer.o)
                0x000000000001de02                _write_r
 .text.__swsetup_r
                0x000000000001de38      0x102 /opt/wch/MRS_Toolchain_Linux_X64_V240/Toolchain/RISC-V Embedded GCC/bin/../lib/gcc/riscv-none-embed/8.2.0/../../../../riscv-none-embed/lib/rv32imacxw/ilp32/libg_nano.a(lib_a-wsetup.o)
                0x000000000001de38                __swsetup_r
 .text._close_r
                0x000000000001df3a       0x32 /opt/wch/MRS_Toolchain_Linux_X64_V240/Toolchain/RISC-V Embedded GCC/bin/../lib/gcc/riscv-none-embed/8.2.0/../../../../riscv-none-embed/lib/rv32imacxw/ilp32/libg_nano.a(lib_a-closer.o)
                0x000000000001df3a                _close_r
 .text.quorem   0x000000000001df6c      0x13a /opt/wch/MRS_Toolchain_Linux_X64_V240/Toolchain/RISC-V Embedded GCC/bin/../lib/gcc/riscv-none-embed/8.2.0/../../../../riscv-none-embed/lib/rv32imacxw/ilp32/libg_nano.a(lib_a-dtoa.o)
 .text._dtoa_r  0x000000000001e0a6      0xbf8 /opt/wch/MRS_Toolchain_Linux_X64_V240/Toolchain/RISC-V Embedded GCC/bin/../lib/gcc/riscv-none-embed/8.2.0/../../../../riscv-none-embed/lib/rv32imacxw/ilp32/libg_nano.a(lib_a-dtoa.o)
                0x000000000001e0a6                _dtoa_r
 .text._localeconv_r
                0x000000000001ec9e       0x18 /opt/wch/MRS_Toolchain_Linux_X64_V240/Toolchain/RISC-V Embedded GCC/bin/../lib/gcc/riscv-none-embed/8.2.0/../../../../riscv-none-embed/lib/rv32imacxw/ilp32/libg_nano.a(lib_a-localeconv.o)
                0x000000000001ec9e                _localeconv_r
 .text._lseek_r
                0x000000000001ecb6       0x36 /opt/wch/MRS_Toolchain_Linux_X64_V240/Toolchain/RISC-V Embedded GCC/bin/../lib/gcc/riscv-none-embed/8.2.0/../../../../riscv-none-embed/lib/rv32imacxw/ilp32/libg_nano.a(lib_a-lseekr.o)
                0x000000000001ecb6                _lseek_r
 .text.__swhatbuf_r